// Jest Snapshot v1, https://goo.gl/fbAQLP

exports[`R3AboutDialog test snapshot for R3AboutDialog 1`] = `
<
  aria-label="about dialog"
  className="MuiDialog-root css-1pivxxs-MuiDialog-root"
  closeAfterTransition={true}
  disableEscapeKeyDown={false}
  disablePortal={true}
  label="about-dialog"
  onClick={[Function]}
  onClose={[Function]}
  open={true}
  slotProps={
    {
      "backdrop": {
        "as": undefined,
        "ownerState": {
          "aria-label": "about dialog",
          "children": [
            <ForwardRef(DialogTitle)
              label="about-dialog"
              sx={{}}
            >
              <ForwardRef(Typography)
                color="primary"
                component="span"
                noWrap={true}
                sx={{}}
                variant="h5"
              >
                About 
                K2HR3
              </ForwardRef(Typography)>
            </ForwardRef(DialogTitle)>,
            <ForwardRef(DialogContent)
              sx={
                {
                  "marginRight": "8px",
                }
              }
            >
              <ForwardRef(DialogContentText)
                component="span"
                sx={{}}
              >
                <ForwardRef(Typography)
                  color="textSecondary"
                  component="span"
                  variant="h6"
                >
                  License: 
                  MIT
                  <br />
                </ForwardRef(Typography)>
                <ForwardRef(Typography)
                  component="span"
                  variant="body2"
                >
                  K2HR3 is K2hdkc based Resource and Roles and policy Rules, gathers commonmanagement information for the cloud.K2HR3 can dynamically manage information as "who", "what", "operate".These are stored as roles, resources, policies in K2hdkc, and the clientsystem can dynamically read and modify these information.
                  <br />
                  <br />
                  Copyright(C) 2017 Yahoo Japan Corporation.
                </ForwardRef(Typography)>
              </ForwardRef(DialogContentText)>
            </ForwardRef(DialogContent)>,
            <ForwardRef(DialogActions)
              sx={{}}
            >
              <ForwardRef(Button)
                aria-label="close about dialog"
                color="secondary"
                onClick={[Function]}
                sx={{}}
                variant="contained"
              >
                CLOSE
                <Memo
                  sx={
                    {
                      "marginLeft": "8px",
                    }
                  }
                />
              </ForwardRef(Button)>
            </ForwardRef(DialogActions)>,
          ],
          "disableEscapeKeyDown": false,
          "disablePortal": true,
          "fullScreen": false,
          "fullWidth": true,
          "label": "about-dialog",
          "maxWidth": "sm",
          "onClose": [Function],
          "open": true,
          "scroll": "body",
          "sx": {},
        },
        "ref": null,
        "transitionDuration": {
          "enter": 225,
          "exit": 195,
        },
      },
    }
  }
  slots={
    {
      "backdrop": {
        "$$typeof": Symbol(react.forward_ref),
        "__emotion_base": {
          "$$typeof": Symbol(react.forward_ref),
          "propTypes": {
            "TransitionComponent": [Function],
            "children": [Function],
            "className": [Function],
            "classes": [Function],
            "component": [Function],
            "components": [Function],
            "componentsProps": [Function],
            "invisible": [Function],
            "open": [Function],
            "slotProps": [Function],
            "slots": [Function],
            "sx": [Function],
            "transitionDuration": [Function],
          },
          "render": [Function],
        },
        "__emotion_forwardProp": [Function],
        "__emotion_real": [Circular],
        "__emotion_styles": [
          "label:MuiDialog-backdrop;",
          [Function],
          {
            "name": "1mbdz04",
            "next": undefined,
            "styles": "z-index:-1;",
          },
          [Function],
          [Function],
        ],
        "defaultProps": undefined,
        "render": [Function],
        "withComponent": [Function],
      },
    }
  }
>
  <
    appear={true}
    in={true}
    role="presentation"
    timeout={
      {
        "enter": 225,
        "exit": 195,
      }
    }
  >
    <div
      className="MuiDialog-container MuiDialog-scrollBody css-xmd51d-MuiDialog-container"
      onMouseDown={[Function]}
    >
      <div
        aria-labelledby=":r0:"
        aria-modal={true}
        className="MuiPaper-root MuiPaper-elevation MuiPaper-rounded MuiPaper-elevation24 MuiDialog-paper MuiDialog-paperScrollBody MuiDialog-paperWidthSm MuiDialog-paperFullWidth css-155t3jt-MuiPaper-root-MuiDialog-paper"
        role="dialog"
        style={
          {
            "--Paper-shadow": "0px 11px 15px -7px rgba(0,0,0,0.2),0px 24px 38px 3px rgba(0,0,0,0.14),0px 9px 46px 8px rgba(0,0,0,0.12)",
          }
        }
      >
        <h2
          className="MuiTypography-root MuiTypography-h6 MuiDialogTitle-root css-1cw1x2b-MuiTypography-root-MuiDialogTitle-root"
          id=":r0:"
          label="about-dialog"
          style={{}}
        >
          <span
            className="MuiTypography-root MuiTypography-h5 MuiTypography-noWrap css-paidjd-MuiTypography-root"
            style={{}}
          >
            About 
            K2HR3
          </span>
        </h2>
        <div
          className="MuiDialogContent-root css-1ozqmnk-MuiDialogContent-root"
        >
          <span
            className="MuiTypography-root MuiDialogContentText-root MuiTypography-body1 MuiDialogContentText-root css-asjdh5-MuiTypography-root-MuiDialogContentText-root"
            style={{}}
          >
            <span
              className="MuiTypography-root MuiTypography-h6 css-md3at6-MuiTypography-root"
              style={{}}
            >
              License: 
              MIT
              <br />
            </span>
            <span
              className="MuiTypography-root MuiTypography-body2 css-1a8qmnc-MuiTypography-root"
              style={{}}
            >
              K2HR3 is K2hdkc based Resource and Roles and policy Rules, gathers commonmanagement information for the cloud.K2HR3 can dynamically manage information as "who", "what", "operate".These are stored as roles, resources, policies in K2hdkc, and the clientsystem can dynamically read and modify these information.
              <br />
              <br />
              Copyright(C) 2017 Yahoo Japan Corporation.
            </span>
          </span>
        </div>
        <div
          className="MuiDialogActions-root MuiDialogActions-spacing css-15fu35s-MuiDialogActions-root"
        >
          <button
            aria-label="close about dialog"
            className="MuiButtonBase-root MuiButton-root MuiButton-contained MuiButton-containedSecondary MuiButton-sizeMedium MuiButton-containedSizeMedium MuiButton-colorSecondary MuiButton-root MuiButton-contained MuiButton-containedSecondary MuiButton-sizeMedium MuiButton-containedSizeMedium MuiButton-colorSecondary css-18fwhhj-MuiButtonBase-root-MuiButton-root"
            disabled={null}
            id=":r1:"
            onBlur={[Function]}
            onClick={[Function]}
            onContextMenu={[Function]}
            onDragLeave={[Function]}
            onFocus={[Function]}
            onKeyDown={[Function]}
            onKeyUp={[Function]}
            onMouseDown={[Function]}
            onMouseLeave={[Function]}
            onMouseUp={[Function]}
            onTouchEnd={[Function]}
            onTouchMove={[Function]}
            onTouchStart={[Function]}
            tabIndex={0}
            type="button"
          >
            CLOSE
            <svg
              aria-hidden={true}
              className="MuiSvgIcon-root MuiSvgIcon-fontSizeMedium css-2zpagu-MuiSvgIcon-root"
              data-testid="CancelIcon"
              focusable="false"
              viewBox="0 0 24 24"
            >
              <path
                d="M12 2C6.47 2 2 6.47 2 12s4.47 10 10 10 10-4.47 10-10S17.53 2 12 2m5 13.59L15.59 17 12 13.41 8.41 17 7 15.59 10.59 12 7 8.41 8.41 7 12 10.59 15.59 7 17 8.41 13.41 12z"
              />
            </svg>
          </button>
        </div>
      </div>
    </div>
  </>
</>
`;
