// Jest Snapshot v1, https://goo.gl/fbAQLP

exports[`R3CreateServiceTenantDialog test snapshot for R3CreateServiceTenantDialog 1`] = `
<
  aria-label="create service dialog"
  className="MuiDialog-root css-1aoa01i-MuiDialog-root"
  closeAfterTransition={true}
  components={
    {
      "Backdrop": {
        "$$typeof": Symbol(react.forward_ref),
        "__emotion_base": {
          "$$typeof": Symbol(react.forward_ref),
          "propTypes": {
            "TransitionComponent": [Function],
            "children": [Function],
            "className": [Function],
            "classes": [Function],
            "component": [Function],
            "components": [Function],
            "componentsProps": [Function],
            "invisible": [Function],
            "open": [Function],
            "slotProps": [Function],
            "slots": [Function],
            "sx": [Function],
            "transitionDuration": [Function],
          },
          "render": [Function],
        },
        "__emotion_forwardProp": [Function],
        "__emotion_real": [Circular],
        "__emotion_styles": [
          "label:MuiDialog-backdrop;",
          {
            "zIndex": -1,
          },
          [Function],
          [Function],
        ],
        "defaultProps": undefined,
        "render": [Function],
        "withComponent": [Function],
      },
    }
  }
  componentsProps={
    {
      "backdrop": {
        "as": undefined,
        "transitionDuration": {
          "enter": 225,
          "exit": 195,
        },
      },
    }
  }
  disableEscapeKeyDown={false}
  label="create-service-dialog"
  onClick={[Function]}
  onClose={[Function]}
  open={true}
>
  <
    appear={true}
    in={true}
    role="presentation"
    timeout={
      {
        "enter": 225,
        "exit": 195,
      }
    }
  >
    <div
      className="MuiDialog-container MuiDialog-scrollBody css-1hsk4vd-MuiDialog-container"
      onMouseDown={[Function]}
    >
      <div
        aria-labelledby=":r0:"
        className="MuiPaper-root MuiPaper-elevation MuiPaper-rounded MuiPaper-elevation24 MuiDialog-paper MuiDialog-paperScrollBody MuiDialog-paperWidthSm MuiDialog-paperFullWidth css-3q99l0-MuiPaper-root-MuiDialog-paper"
        role="dialog"
      >
        <h2
          className="MuiTypography-root MuiTypography-h6 MuiDialogTitle-root css-5unaky-MuiTypography-root-MuiDialogTitle-root"
          id=":r0:"
          label="create-service-dialog"
        >
          <span
            className="MuiTypography-root MuiTypography-h5 MuiTypography-noWrap css-1h4f5vm-MuiTypography-root"
          >
            Created TENANT cooperation SERVICE
          </span>
        </h2>
        <div
          className="MuiDialogContent-root css-ypiqx9-MuiDialogContent-root"
        >
          <span
            className="MuiTypography-root MuiTypography-subtitle2 MuiTypography-noWrap css-zg2ecv-MuiTypography-root"
          >
            TENANT
          </span>
          <span
            className="MuiTypography-root MuiTypography-body1 css-1n7958d-MuiTypography-root"
          >
            GROUP0:TENANT0
          </span>
          <span
            className="MuiTypography-root MuiTypography-subtitle2 MuiTypography-noWrap css-zg2ecv-MuiTypography-root"
          >
            SERVICE
          </span>
          <span
            className="MuiTypography-root MuiTypography-body1 css-1n7958d-MuiTypography-root"
          >
            JEST_OWNER_SERVICE_NAME
          </span>
          <span
            className="MuiTypography-root MuiTypography-subtitle2 MuiTypography-noWrap css-zg2ecv-MuiTypography-root"
          >
            PATH
          </span>
          <span
            className="MuiTypography-root MuiTypography-body1 css-1n7958d-MuiTypography-root"
          >
            yrn:yahoo:JEST_OWNER_SERVICE_NAME::10000
          </span>
          <span
            className="MuiTypography-root MuiTypography-subtitle2 MuiTypography-noWrap css-zg2ecv-MuiTypography-root"
          >
            Cooperation ROLE (Specify ROLE: Allowed empty)
          </span>
          <div
            className="MuiFormControl-root MuiTextField-root css-1dpo3gu-MuiFormControl-root-MuiTextField-root"
          >
            <div
              className="MuiInputBase-root MuiInput-root MuiInput-underline MuiInputBase-colorPrimary MuiInputBase-formControl css-1vc1r8g-MuiInputBase-root-MuiInput-root"
              onClick={[Function]}
            >
              <input
                aria-invalid={false}
                aria-label="input create path"
                autoFocus={false}
                className="MuiInputBase-input MuiInput-input css-1x51dt5-MuiInputBase-input-MuiInput-input"
                disabled={false}
                id="service-tenant-textfield-id"
                onAnimationStart={[Function]}
                onBlur={[Function]}
                onChange={[Function]}
                onFocus={[Function]}
                placeholder="Role path under tenant(yrn:yahoo:::<tenant>)"
                required={false}
                type="text"
                value=""
              />
            </div>
          </div>
        </div>
        <div
          className="MuiDialogActions-root MuiDialogActions-spacing css-knqc4i-MuiDialogActions-root"
        >
          <button
            aria-label="cancel"
            className="MuiButtonBase-root MuiButton-root MuiButton-contained MuiButton-containedPrimary MuiButton-sizeMedium MuiButton-containedSizeMedium MuiButton-root MuiButton-contained MuiButton-containedPrimary MuiButton-sizeMedium MuiButton-containedSizeMedium css-rypk7-MuiButtonBase-root-MuiButton-root"
            disabled={false}
            onBlur={[Function]}
            onClick={[Function]}
            onContextMenu={[Function]}
            onDragLeave={[Function]}
            onFocus={[Function]}
            onKeyDown={[Function]}
            onKeyUp={[Function]}
            onMouseDown={[Function]}
            onMouseLeave={[Function]}
            onMouseUp={[Function]}
            onTouchEnd={[Function]}
            onTouchMove={[Function]}
            onTouchStart={[Function]}
            tabIndex={0}
            type="button"
          >
            CANCEL
            <svg
              aria-hidden={true}
              className="MuiSvgIcon-root MuiSvgIcon-fontSizeMedium css-1kpp06s-MuiSvgIcon-root"
              data-testid="CancelIcon"
              focusable="false"
              viewBox="0 0 24 24"
            >
              <path
                d="M12 2C6.47 2 2 6.47 2 12s4.47 10 10 10 10-4.47 10-10S17.53 2 12 2m5 13.59L15.59 17 12 13.41 8.41 17 7 15.59 10.59 12 7 8.41 8.41 7 12 10.59 15.59 7 17 8.41 13.41 12z"
              />
            </svg>
          </button>
          <button
            aria-label="ok"
            className="MuiButtonBase-root MuiButton-root MuiButton-contained MuiButton-containedSecondary MuiButton-sizeMedium MuiButton-containedSizeMedium MuiButton-root MuiButton-contained MuiButton-containedSecondary MuiButton-sizeMedium MuiButton-containedSizeMedium css-1k2n3uk-MuiButtonBase-root-MuiButton-root"
            disabled={false}
            onBlur={[Function]}
            onClick={[Function]}
            onContextMenu={[Function]}
            onDragLeave={[Function]}
            onFocus={[Function]}
            onKeyDown={[Function]}
            onKeyUp={[Function]}
            onMouseDown={[Function]}
            onMouseLeave={[Function]}
            onMouseUp={[Function]}
            onTouchEnd={[Function]}
            onTouchMove={[Function]}
            onTouchStart={[Function]}
            tabIndex={0}
            type="button"
          >
            OK
            <svg
              aria-hidden={true}
              className="MuiSvgIcon-root MuiSvgIcon-fontSizeMedium css-1kpp06s-MuiSvgIcon-root"
              data-testid="CheckCircleIcon"
              focusable="false"
              viewBox="0 0 24 24"
            >
              <path
                d="M12 2C6.48 2 2 6.48 2 12s4.48 10 10 10 10-4.48 10-10S17.52 2 12 2m-2 15-5-5 1.41-1.41L10 14.17l7.59-7.59L19 8z"
              />
            </svg>
          </button>
        </div>
      </div>
    </div>
  </>
</>
`;
