// Jest Snapshot v1, https://goo.gl/fbAQLP

exports[`R3CreatePathDialog test snapshot for R3CreatePathDialog 1`] = `
<
  aria-label="create path dialog"
  className="MuiDialog-root css-1pivxxs-MuiDialog-root"
  closeAfterTransition={true}
  disableEscapeKeyDown={false}
  disablePortal={true}
  label="create-path-dialog"
  onClick={[Function]}
  onClose={[Function]}
  open={true}
  slotProps={
    {
      "backdrop": {
        "as": undefined,
        "ownerState": {
          "aria-label": "create path dialog",
          "children": [
            <ForwardRef(DialogTitle)
              label="create-path-dialog"
              sx={{}}
            >
              <ForwardRef(Typography)
                color="primary"
                component="span"
                noWrap={true}
                sx={{}}
                variant="h5"
              >
                Create a new path
              </ForwardRef(Typography)>
            </ForwardRef(DialogTitle)>,
            <ForwardRef(DialogContent)
              sx={{}}
            >
              <ForwardRef(Typography)
                color="primary"
                component="span"
                noWrap={true}
                sx={
                  {
                    "marginTop": "16px",
                  }
                }
                variant="subtitle2"
              >
                TENANT
              </ForwardRef(Typography)>
              <ForwardRef(Typography)
                color="textSecondary"
                component="span"
                sx={
                  {
                    "paddingLeft": "32px",
                  }
                }
                variant="body1"
              >
                GROUP0:TENANT0
              </ForwardRef(Typography)>
              <ForwardRef(Typography)
                color="primary"
                component="span"
                noWrap={true}
                sx={
                  {
                    "marginTop": "16px",
                  }
                }
                variant="subtitle2"
              >
                TYPE
              </ForwardRef(Typography)>
              <ForwardRef(Typography)
                color="textSecondary"
                component="span"
                sx={
                  {
                    "paddingLeft": "32px",
                  }
                }
                variant="body1"
              >
                role
              </ForwardRef(Typography)>
              <ForwardRef(Typography)
                color="primary"
                component="span"
                noWrap={true}
                sx={
                  {
                    "marginTop": "16px",
                  }
                }
                variant="subtitle2"
              >
                PARENT PATH
              </ForwardRef(Typography)>
              <ForwardRef(Typography)
                color="textSecondary"
                component="span"
                sx={
                  {
                    "paddingLeft": "32px",
                  }
                }
                variant="body1"
              >
                /JEST_ROLE_PARENT_PATH
              </ForwardRef(Typography)>
              <ForwardRef(Typography)
                color="primary"
                component="span"
                noWrap={true}
                sx={
                  {
                    "marginTop": "16px",
                  }
                }
                variant="subtitle2"
              >
                CREATE PATH
              </ForwardRef(Typography)>
              <ForwardRef(TextField)
                InputProps={
                  {
                    "sx": {
                      "color": "rgba(0, 0, 0, 0.6)",
                    },
                  }
                }
                disabled={false}
                id="new-path-textfield-id"
                inputProps={
                  {
                    "aria-label": "input create path",
                  }
                }
                onChange={[Function]}
                placeholder="Input create path"
                sx={
                  {
                    "paddingLeft": "32px",
                    "paddingRight": "32px",
                    "width": "100%",
                  }
                }
                value=""
              />
            </ForwardRef(DialogContent)>,
            <ForwardRef(DialogActions)>
              <ForwardRef(Button)
                aria-label="cancel"
                color="primary"
                onClick={[Function]}
                sx={
                  {
                    "marginTop": "16px",
                  }
                }
                variant="contained"
              >
                CANCEL
                <Memo
                  sx={
                    {
                      "marginLeft": "8px",
                    }
                  }
                />
              </ForwardRef(Button)>
              <ForwardRef(Button)
                aria-label="ok"
                color="secondary"
                disabled={true}
                onClick={[Function]}
                sx={
                  {
                    "marginTop": "16px",
                  }
                }
                variant="contained"
              >
                OK
                <Memo
                  sx={
                    {
                      "marginLeft": "8px",
                    }
                  }
                />
              </ForwardRef(Button)>
            </ForwardRef(DialogActions)>,
          ],
          "disableEscapeKeyDown": false,
          "disablePortal": true,
          "fullScreen": false,
          "fullWidth": true,
          "label": "create-path-dialog",
          "maxWidth": "sm",
          "onClose": [Function],
          "open": true,
          "scroll": "body",
          "sx": {},
        },
        "ref": null,
        "transitionDuration": {
          "enter": 225,
          "exit": 195,
        },
      },
    }
  }
  slots={
    {
      "backdrop": {
        "$$typeof": Symbol(react.forward_ref),
        "__emotion_base": {
          "$$typeof": Symbol(react.forward_ref),
          "propTypes": {
            "TransitionComponent": [Function],
            "children": [Function],
            "className": [Function],
            "classes": [Function],
            "component": [Function],
            "components": [Function],
            "componentsProps": [Function],
            "invisible": [Function],
            "open": [Function],
            "slotProps": [Function],
            "slots": [Function],
            "sx": [Function],
            "transitionDuration": [Function],
          },
          "render": [Function],
        },
        "__emotion_forwardProp": [Function],
        "__emotion_real": [Circular],
        "__emotion_styles": [
          "label:MuiDialog-backdrop;",
          [Function],
          {
            "name": "1mbdz04",
            "next": undefined,
            "styles": "z-index:-1;",
          },
          [Function],
          [Function],
        ],
        "defaultProps": undefined,
        "render": [Function],
        "withComponent": [Function],
      },
    }
  }
>
  <
    appear={true}
    in={true}
    role="presentation"
    timeout={
      {
        "enter": 225,
        "exit": 195,
      }
    }
  >
    <div
      className="MuiDialog-container MuiDialog-scrollBody css-xmd51d-MuiDialog-container"
      onMouseDown={[Function]}
    >
      <div
        aria-labelledby=":r0:"
        aria-modal={true}
        className="MuiPaper-root MuiPaper-elevation MuiPaper-rounded MuiPaper-elevation24 MuiDialog-paper MuiDialog-paperScrollBody MuiDialog-paperWidthSm MuiDialog-paperFullWidth css-155t3jt-MuiPaper-root-MuiDialog-paper"
        role="dialog"
        style={
          {
            "--Paper-shadow": "0px 11px 15px -7px rgba(0,0,0,0.2),0px 24px 38px 3px rgba(0,0,0,0.14),0px 9px 46px 8px rgba(0,0,0,0.12)",
          }
        }
      >
        <h2
          className="MuiTypography-root MuiTypography-h6 MuiDialogTitle-root css-1cw1x2b-MuiTypography-root-MuiDialogTitle-root"
          id=":r0:"
          label="create-path-dialog"
          style={{}}
        >
          <span
            className="MuiTypography-root MuiTypography-h5 MuiTypography-noWrap css-paidjd-MuiTypography-root"
            style={{}}
          >
            Create a new path
          </span>
        </h2>
        <div
          className="MuiDialogContent-root css-kw13he-MuiDialogContent-root"
        >
          <span
            className="MuiTypography-root MuiTypography-subtitle2 MuiTypography-noWrap css-m4hrld-MuiTypography-root"
            style={{}}
          >
            TENANT
          </span>
          <span
            className="MuiTypography-root MuiTypography-body1 css-iraw28-MuiTypography-root"
            style={{}}
          >
            GROUP0:TENANT0
          </span>
          <span
            className="MuiTypography-root MuiTypography-subtitle2 MuiTypography-noWrap css-m4hrld-MuiTypography-root"
            style={{}}
          >
            TYPE
          </span>
          <span
            className="MuiTypography-root MuiTypography-body1 css-iraw28-MuiTypography-root"
            style={{}}
          >
            role
          </span>
          <span
            className="MuiTypography-root MuiTypography-subtitle2 MuiTypography-noWrap css-m4hrld-MuiTypography-root"
            style={{}}
          >
            PARENT PATH
          </span>
          <span
            className="MuiTypography-root MuiTypography-body1 css-iraw28-MuiTypography-root"
            style={{}}
          >
            /JEST_ROLE_PARENT_PATH
          </span>
          <span
            className="MuiTypography-root MuiTypography-subtitle2 MuiTypography-noWrap css-m4hrld-MuiTypography-root"
            style={{}}
          >
            CREATE PATH
          </span>
          <div
            className="MuiFormControl-root MuiTextField-root css-1l0136s-MuiFormControl-root-MuiTextField-root"
          >
            <div
              className="MuiInputBase-root MuiInput-root MuiInput-underline MuiInputBase-colorPrimary MuiInputBase-formControl css-1hhje3o-MuiInputBase-root-MuiInput-root"
              onClick={[Function]}
            >
              <input
                aria-invalid={false}
                aria-label="input create path"
                autoFocus={false}
                className="MuiInputBase-input MuiInput-input css-1yrc8ca-MuiInputBase-input-MuiInput-input"
                disabled={false}
                id="new-path-textfield-id"
                onAnimationStart={[Function]}
                onBlur={[Function]}
                onChange={[Function]}
                onFocus={[Function]}
                placeholder="Input create path"
                required={false}
                type="text"
                value=""
              />
            </div>
          </div>
        </div>
        <div
          className="MuiDialogActions-root MuiDialogActions-spacing css-15fu35s-MuiDialogActions-root"
        >
          <button
            aria-label="cancel"
            className="MuiButtonBase-root MuiButton-root MuiButton-contained MuiButton-containedPrimary MuiButton-sizeMedium MuiButton-containedSizeMedium MuiButton-colorPrimary MuiButton-root MuiButton-contained MuiButton-containedPrimary MuiButton-sizeMedium MuiButton-containedSizeMedium MuiButton-colorPrimary css-8am8uk-MuiButtonBase-root-MuiButton-root"
            disabled={null}
            onBlur={[Function]}
            onClick={[Function]}
            onContextMenu={[Function]}
            onDragLeave={[Function]}
            onFocus={[Function]}
            onKeyDown={[Function]}
            onKeyUp={[Function]}
            onMouseDown={[Function]}
            onMouseLeave={[Function]}
            onMouseUp={[Function]}
            onTouchEnd={[Function]}
            onTouchMove={[Function]}
            onTouchStart={[Function]}
            tabIndex={0}
            type="button"
          >
            CANCEL
            <svg
              aria-hidden={true}
              className="MuiSvgIcon-root MuiSvgIcon-fontSizeMedium css-2zpagu-MuiSvgIcon-root"
              data-testid="CancelIcon"
              focusable="false"
              viewBox="0 0 24 24"
            >
              <path
                d="M12 2C6.47 2 2 6.47 2 12s4.47 10 10 10 10-4.47 10-10S17.53 2 12 2m5 13.59L15.59 17 12 13.41 8.41 17 7 15.59 10.59 12 7 8.41 8.41 7 12 10.59 15.59 7 17 8.41 13.41 12z"
              />
            </svg>
          </button>
          <button
            aria-label="ok"
            className="MuiButtonBase-root MuiButton-root MuiButton-contained MuiButton-containedSecondary MuiButton-sizeMedium MuiButton-containedSizeMedium MuiButton-colorSecondary Mui-disabled MuiButton-root MuiButton-contained MuiButton-containedSecondary MuiButton-sizeMedium MuiButton-containedSizeMedium MuiButton-colorSecondary css-clumik-MuiButtonBase-root-MuiButton-root"
            disabled={true}
            onBlur={[Function]}
            onClick={[Function]}
            onContextMenu={[Function]}
            onDragLeave={[Function]}
            onFocus={[Function]}
            onKeyDown={[Function]}
            onKeyUp={[Function]}
            onMouseDown={[Function]}
            onMouseLeave={[Function]}
            onMouseUp={[Function]}
            onTouchEnd={[Function]}
            onTouchMove={[Function]}
            onTouchStart={[Function]}
            tabIndex={-1}
            type="button"
          >
            OK
            <svg
              aria-hidden={true}
              className="MuiSvgIcon-root MuiSvgIcon-fontSizeMedium css-2zpagu-MuiSvgIcon-root"
              data-testid="CheckCircleIcon"
              focusable="false"
              viewBox="0 0 24 24"
            >
              <path
                d="M12 2C6.48 2 2 6.48 2 12s4.48 10 10 10 10-4.48 10-10S17.52 2 12 2m-2 15-5-5 1.41-1.41L10 14.17l7.59-7.59L19 8z"
              />
            </svg>
          </button>
        </div>
      </div>
    </div>
  </>
</>
`;
