// Jest Snapshot v1, https://goo.gl/fbAQLP

exports[`R3MsgBox test snapshot for R3MsgBox 1`] = `
<div
  className="MuiPaper-root MuiPaper-elevation MuiPaper-rounded MuiPaper-elevation2 css-lfqywp-MuiPaper-root"
  style={
    {
      "--Paper-shadow": "0px 3px 1px -2px rgba(0,0,0,0.2),0px 2px 2px 0px rgba(0,0,0,0.14),0px 1px 5px 0px rgba(0,0,0,0.12)",
    }
  }
>
  <svg
    aria-hidden={true}
    className="MuiSvgIcon-root MuiSvgIcon-colorError MuiSvgIcon-fontSizeMedium css-1tb0t2q-MuiSvgIcon-root"
    data-testid="ErrorRoundedIcon"
    focusable="false"
    viewBox="0 0 24 24"
  >
    <path
      d="M12 2C6.48 2 2 6.48 2 12s4.48 10 10 10 10-4.48 10-10S17.52 2 12 2m0 11c-.55 0-1-.45-1-1V8c0-.55.45-1 1-1s1 .45 1 1v4c0 .55-.45 1-1 1m1 4h-2v-2h2z"
    />
  </svg>
  <span
    className="MuiTypography-root MuiTypography-body1 css-lrpfd-MuiTypography-root"
    style={{}}
  >
    Dummy error message
    <br />
  </span>
</div>
`;
