// Jest Snapshot v1, https://goo.gl/fbAQLP

exports[`R3PopupMsgDialog test snapshot for R3PopupMsgDialog 1`] = `
<
  aria-label="message dialog"
  className="MuiDialog-root css-1pivxxs-MuiDialog-root"
  closeAfterTransition={true}
  components={
    {
      "Backdrop": {
        "$$typeof": Symbol(react.forward_ref),
        "__emotion_base": {
          "$$typeof": Symbol(react.forward_ref),
          "propTypes": {
            "TransitionComponent": [Function],
            "children": [Function],
            "className": [Function],
            "classes": [Function],
            "component": [Function],
            "components": [Function],
            "componentsProps": [Function],
            "invisible": [Function],
            "open": [Function],
            "slotProps": [Function],
            "slots": [Function],
            "sx": [Function],
            "transitionDuration": [Function],
          },
          "render": [Function],
        },
        "__emotion_forwardProp": [Function],
        "__emotion_real": [Circular],
        "__emotion_styles": [
          "label:MuiDialog-backdrop;",
          [Function],
          {
            "name": "1mbdz04",
            "next": undefined,
            "styles": "z-index:-1;",
          },
          [Function],
          [Function],
        ],
        "defaultProps": undefined,
        "render": [Function],
        "withComponent": [Function],
      },
    }
  }
  componentsProps={
    {
      "backdrop": {
        "as": undefined,
        "transitionDuration": {
          "enter": 225,
          "exit": 195,
        },
      },
    }
  }
  disableEscapeKeyDown={false}
  disablePortal={true}
  label="message-dialog"
  onClick={[Function]}
  onClose={[Function]}
  open={true}
>
  <
    appear={true}
    in={true}
    role="presentation"
    timeout={
      {
        "enter": 225,
        "exit": 195,
      }
    }
  >
    <div
      className="MuiDialog-container MuiDialog-scrollBody css-xmd51d-MuiDialog-container"
      onMouseDown={[Function]}
    >
      <div
        aria-labelledby=":r0:"
        aria-modal={true}
        className="MuiPaper-root MuiPaper-elevation MuiPaper-rounded MuiPaper-elevation24 MuiDialog-paper MuiDialog-paperScrollBody MuiDialog-paperWidthSm MuiDialog-paperFullWidth css-155t3jt-MuiPaper-root-MuiDialog-paper"
        role="dialog"
        style={
          {
            "--Paper-shadow": "0px 11px 15px -7px rgba(0,0,0,0.2),0px 24px 38px 3px rgba(0,0,0,0.14),0px 9px 46px 8px rgba(0,0,0,0.12)",
          }
        }
      >
        <h2
          className="MuiTypography-root MuiTypography-h6 MuiDialogTitle-root css-1cw1x2b-MuiTypography-root-MuiDialogTitle-root"
          id=":r0:"
          label="message-dialog"
          style={{}}
        >
          <span
            className="MuiTypography-root MuiTypography-h5 MuiTypography-noWrap css-paidjd-MuiTypography-root"
            style={{}}
          >
            MESSAGE FROM JEST TEST
          </span>
        </h2>
        <div
          className="MuiDialogContent-root css-kw13he-MuiDialogContent-root"
        >
          <svg
            aria-hidden={true}
            className="MuiSvgIcon-root MuiSvgIcon-colorError MuiSvgIcon-fontSizeMedium css-1tb0t2q-MuiSvgIcon-root"
            data-testid="ErrorRoundedIcon"
            focusable="false"
            viewBox="0 0 24 24"
          >
            <path
              d="M12 2C6.48 2 2 6.48 2 12s4.48 10 10 10 10-4.48 10-10S17.52 2 12 2m0 11c-.55 0-1-.45-1-1V8c0-.55.45-1 1-1s1 .45 1 1v4c0 .55-.45 1-1 1m1 4h-2v-2h2z"
            />
          </svg>
          <span
            className="MuiTypography-root MuiDialogContentText-root MuiTypography-body1 MuiDialogContentText-root css-ywk8of-MuiTypography-root-MuiDialogContentText-root"
            style={{}}
          >
            Dummy error message
          </span>
        </div>
        <div
          className="MuiDialogActions-root MuiDialogActions-spacing css-15fu35s-MuiDialogActions-root"
        >
          <button
            aria-label="cancel"
            className="MuiButtonBase-root MuiButton-root MuiButton-contained MuiButton-containedPrimary MuiButton-sizeMedium MuiButton-containedSizeMedium MuiButton-colorPrimary MuiButton-root MuiButton-contained MuiButton-containedPrimary MuiButton-sizeMedium MuiButton-containedSizeMedium MuiButton-colorPrimary css-mz09wl-MuiButtonBase-root-MuiButton-root"
            disabled={false}
            onBlur={[Function]}
            onClick={[Function]}
            onContextMenu={[Function]}
            onDragLeave={[Function]}
            onFocus={[Function]}
            onKeyDown={[Function]}
            onKeyUp={[Function]}
            onMouseDown={[Function]}
            onMouseLeave={[Function]}
            onMouseUp={[Function]}
            onTouchEnd={[Function]}
            onTouchMove={[Function]}
            onTouchStart={[Function]}
            tabIndex={0}
            type="button"
          >
            CANCEL
            <svg
              aria-hidden={true}
              className="MuiSvgIcon-root MuiSvgIcon-fontSizeMedium css-2zpagu-MuiSvgIcon-root"
              data-testid="CancelIcon"
              focusable="false"
              viewBox="0 0 24 24"
            >
              <path
                d="M12 2C6.47 2 2 6.47 2 12s4.47 10 10 10 10-4.47 10-10S17.53 2 12 2m5 13.59L15.59 17 12 13.41 8.41 17 7 15.59 10.59 12 7 8.41 8.41 7 12 10.59 15.59 7 17 8.41 13.41 12z"
              />
            </svg>
          </button>
          <button
            aria-label="confirm contents and close dialog"
            className="MuiButtonBase-root MuiButton-root MuiButton-contained MuiButton-containedSecondary MuiButton-sizeMedium MuiButton-containedSizeMedium MuiButton-colorSecondary MuiButton-root MuiButton-contained MuiButton-containedSecondary MuiButton-sizeMedium MuiButton-containedSizeMedium MuiButton-colorSecondary css-1t7wvu-MuiButtonBase-root-MuiButton-root"
            disabled={false}
            onBlur={[Function]}
            onClick={[Function]}
            onContextMenu={[Function]}
            onDragLeave={[Function]}
            onFocus={[Function]}
            onKeyDown={[Function]}
            onKeyUp={[Function]}
            onMouseDown={[Function]}
            onMouseLeave={[Function]}
            onMouseUp={[Function]}
            onTouchEnd={[Function]}
            onTouchMove={[Function]}
            onTouchStart={[Function]}
            tabIndex={0}
            type="button"
          >
            OK
            <svg
              aria-hidden={true}
              className="MuiSvgIcon-root MuiSvgIcon-fontSizeMedium css-2zpagu-MuiSvgIcon-root"
              data-testid="CheckCircleIcon"
              focusable="false"
              viewBox="0 0 24 24"
            >
              <path
                d="M12 2C6.48 2 2 6.48 2 12s4.48 10 10 10 10-4.48 10-10S17.52 2 12 2m-2 15-5-5 1.41-1.41L10 14.17l7.59-7.59L19 8z"
              />
            </svg>
          </button>
        </div>
      </div>
    </div>
  </>
</>
`;
