// Jest Snapshot v1, https://goo.gl/fbAQLP

exports[`R3Role test snapshot for R3Role 1`] = `
<div
  className="MuiBox-root css-7wh13m"
>
  <h6
    className="MuiTypography-root MuiTypography-subtitle2 MuiTypography-noWrap css-193s101-MuiTypography-root"
  >
    HOST NAMES
  </h6>
  <p
    className="MuiTypography-root MuiTypography-body2 MuiTypography-noWrap css-xaqhms-MuiTypography-root"
  >
    HOST NAME
  </p>
  <p
    className="MuiTypography-root MuiTypography-body2 MuiTypography-noWrap css-l1khaw-MuiTypography-root"
  >
    AUX
  </p>
  <div
    className="MuiBox-root css-1wchkkw"
  >
    <div
      className="MuiFormControl-root MuiTextField-root css-m1r7zy-MuiFormControl-root-MuiTextField-root"
    >
      <div
        className="MuiInputBase-root MuiInput-root MuiInput-underline MuiInputBase-colorPrimary MuiInputBase-formControl css-1b1270g-MuiInputBase-root-MuiInput-root"
        onClick={[Function]}
      >
        <input
          aria-invalid={false}
          autoFocus={false}
          className="MuiInputBase-input MuiInput-input css-1x51dt5-MuiInputBase-input-MuiInput-input"
          disabled={false}
          id=":r0:"
          name="roleHostname0"
          onAnimationStart={[Function]}
          onBlur={[Function]}
          onChange={[Function]}
          onFocus={[Function]}
          placeholder="Input hostname(FQDN)"
          required={false}
          type="text"
          value="host01.k2hr3_entest_obj_01.k2hr3.yahoo.co.jp"
        />
      </div>
    </div>
    <div
      className="MuiFormControl-root MuiTextField-root css-1jul6sg-MuiFormControl-root-MuiTextField-root"
    >
      <div
        className="MuiInputBase-root MuiInput-root MuiInput-underline MuiInputBase-colorPrimary MuiInputBase-formControl css-1b1270g-MuiInputBase-root-MuiInput-root"
        onClick={[Function]}
      >
        <input
          aria-invalid={false}
          autoFocus={false}
          className="MuiInputBase-input MuiInput-input css-1x51dt5-MuiInputBase-input-MuiInput-input"
          disabled={false}
          id=":r1:"
          name="roleHostnameAUX_0"
          onAnimationStart={[Function]}
          onBlur={[Function]}
          onChange={[Function]}
          onFocus={[Function]}
          placeholder="Input AUX for hostname"
          required={false}
          type="text"
          value="PORT=*"
        />
      </div>
    </div>
    <button
      aria-label="delete hostname information"
      aria-labelledby={null}
      className="MuiButtonBase-root MuiIconButton-root MuiIconButton-sizeLarge css-y1883s-MuiButtonBase-root-MuiIconButton-root"
      data-mui-internal-clone-element={true}
      disabled={false}
      label="delete-hostname"
      onBlur={[Function]}
      onClick={[Function]}
      onContextMenu={[Function]}
      onDragLeave={[Function]}
      onFocus={[Function]}
      onKeyDown={[Function]}
      onKeyUp={[Function]}
      onMouseDown={[Function]}
      onMouseEnter={[Function]}
      onMouseLeave={[Function]}
      onMouseOver={[Function]}
      onMouseUp={[Function]}
      onTouchEnd={[Function]}
      onTouchMove={[Function]}
      onTouchStart={[Function]}
      tabIndex={0}
      type="button"
    >
      <svg
        aria-hidden={true}
        className="MuiSvgIcon-root MuiSvgIcon-fontSizeMedium css-havevq-MuiSvgIcon-root"
        data-testid="ClearRoundedIcon"
        focusable="false"
        viewBox="0 0 24 24"
      >
        <path
          d="M18.3 5.71a.9959.9959 0 0 0-1.41 0L12 10.59 7.11 5.7a.9959.9959 0 0 0-1.41 0c-.39.39-.39 1.02 0 1.41L10.59 12 5.7 16.89c-.39.39-.39 1.02 0 1.41.39.39 1.02.39 1.41 0L12 13.41l4.89 4.89c.39.39 1.02.39 1.41 0 .39-.39.39-1.02 0-1.41L13.41 12l4.89-4.89c.38-.38.38-1.02 0-1.4z"
        />
      </svg>
      <span
        className="MuiTouchRipple-root css-8je8zh-MuiTouchRipple-root"
      />
    </button>
  </div>
  <div
    className="MuiBox-root css-1wchkkw"
  >
    <div
      className="MuiFormControl-root MuiTextField-root css-m1r7zy-MuiFormControl-root-MuiTextField-root"
    >
      <div
        className="MuiInputBase-root MuiInput-root MuiInput-underline MuiInputBase-colorPrimary MuiInputBase-formControl css-1b1270g-MuiInputBase-root-MuiInput-root"
        onClick={[Function]}
      >
        <input
          aria-invalid={false}
          autoFocus={false}
          className="MuiInputBase-input MuiInput-input css-1x51dt5-MuiInputBase-input-MuiInput-input"
          disabled={false}
          id=":r3:"
          name="roleHostname1"
          onAnimationStart={[Function]}
          onBlur={[Function]}
          onChange={[Function]}
          onFocus={[Function]}
          placeholder="Input hostname(FQDN)"
          required={false}
          type="text"
          value="host02.k2hr3_entest_obj_01.k2hr3.yahoo.co.jp"
        />
      </div>
    </div>
    <div
      className="MuiFormControl-root MuiTextField-root css-1jul6sg-MuiFormControl-root-MuiTextField-root"
    >
      <div
        className="MuiInputBase-root MuiInput-root MuiInput-underline MuiInputBase-colorPrimary MuiInputBase-formControl css-1b1270g-MuiInputBase-root-MuiInput-root"
        onClick={[Function]}
      >
        <input
          aria-invalid={false}
          autoFocus={false}
          className="MuiInputBase-input MuiInput-input css-1x51dt5-MuiInputBase-input-MuiInput-input"
          disabled={false}
          id=":r4:"
          name="roleHostnameAUX_1"
          onAnimationStart={[Function]}
          onBlur={[Function]}
          onChange={[Function]}
          onFocus={[Function]}
          placeholder="Input AUX for hostname"
          required={false}
          type="text"
          value="PORT=*"
        />
      </div>
    </div>
    <button
      aria-label="delete hostname information"
      aria-labelledby={null}
      className="MuiButtonBase-root MuiIconButton-root MuiIconButton-sizeLarge css-y1883s-MuiButtonBase-root-MuiIconButton-root"
      data-mui-internal-clone-element={true}
      disabled={false}
      label="delete-hostname"
      onBlur={[Function]}
      onClick={[Function]}
      onContextMenu={[Function]}
      onDragLeave={[Function]}
      onFocus={[Function]}
      onKeyDown={[Function]}
      onKeyUp={[Function]}
      onMouseDown={[Function]}
      onMouseEnter={[Function]}
      onMouseLeave={[Function]}
      onMouseOver={[Function]}
      onMouseUp={[Function]}
      onTouchEnd={[Function]}
      onTouchMove={[Function]}
      onTouchStart={[Function]}
      tabIndex={0}
      type="button"
    >
      <svg
        aria-hidden={true}
        className="MuiSvgIcon-root MuiSvgIcon-fontSizeMedium css-havevq-MuiSvgIcon-root"
        data-testid="ClearRoundedIcon"
        focusable="false"
        viewBox="0 0 24 24"
      >
        <path
          d="M18.3 5.71a.9959.9959 0 0 0-1.41 0L12 10.59 7.11 5.7a.9959.9959 0 0 0-1.41 0c-.39.39-.39 1.02 0 1.41L10.59 12 5.7 16.89c-.39.39-.39 1.02 0 1.41.39.39 1.02.39 1.41 0L12 13.41l4.89 4.89c.39.39 1.02.39 1.41 0 .39-.39.39-1.02 0-1.41L13.41 12l4.89-4.89c.38-.38.38-1.02 0-1.4z"
        />
      </svg>
      <span
        className="MuiTouchRipple-root css-8je8zh-MuiTouchRipple-root"
      />
    </button>
  </div>
  <div
    className="MuiBox-root css-1wchkkw"
  >
    <div
      className="MuiFormControl-root MuiTextField-root css-m1r7zy-MuiFormControl-root-MuiTextField-root"
    >
      <div
        className="MuiInputBase-root MuiInput-root MuiInput-underline MuiInputBase-colorPrimary MuiInputBase-formControl css-1b1270g-MuiInputBase-root-MuiInput-root"
        onClick={[Function]}
      >
        <input
          aria-invalid={false}
          autoFocus={false}
          className="MuiInputBase-input MuiInput-input css-1x51dt5-MuiInputBase-input-MuiInput-input"
          disabled={false}
          id=":r6:"
          name="roleNewHostname"
          onAnimationStart={[Function]}
          onBlur={[Function]}
          onChange={[Function]}
          onFocus={[Function]}
          placeholder="Input hostname(FQDN)"
          required={false}
          type="text"
          value=""
        />
      </div>
    </div>
    <div
      className="MuiFormControl-root MuiTextField-root css-1jul6sg-MuiFormControl-root-MuiTextField-root"
    >
      <div
        className="MuiInputBase-root MuiInput-root MuiInput-underline MuiInputBase-colorPrimary MuiInputBase-formControl css-1b1270g-MuiInputBase-root-MuiInput-root"
        onClick={[Function]}
      >
        <input
          aria-invalid={false}
          autoFocus={false}
          className="MuiInputBase-input MuiInput-input css-1x51dt5-MuiInputBase-input-MuiInput-input"
          disabled={false}
          id=":r7:"
          name="roleNewHostnameAUX"
          onAnimationStart={[Function]}
          onBlur={[Function]}
          onChange={[Function]}
          onFocus={[Function]}
          placeholder="Input AUX for hostname"
          required={false}
          type="text"
          value=""
        />
      </div>
    </div>
    <button
      aria-label="add hostname and AUX"
      aria-labelledby={null}
      className="MuiButtonBase-root MuiIconButton-root MuiIconButton-sizeLarge css-y1883s-MuiButtonBase-root-MuiIconButton-root"
      data-mui-internal-clone-element={true}
      disabled={false}
      label="add-hostname"
      onBlur={[Function]}
      onClick={[Function]}
      onContextMenu={[Function]}
      onDragLeave={[Function]}
      onFocus={[Function]}
      onKeyDown={[Function]}
      onKeyUp={[Function]}
      onMouseDown={[Function]}
      onMouseEnter={[Function]}
      onMouseLeave={[Function]}
      onMouseOver={[Function]}
      onMouseUp={[Function]}
      onTouchEnd={[Function]}
      onTouchMove={[Function]}
      onTouchStart={[Function]}
      tabIndex={0}
      type="button"
    >
      <svg
        aria-hidden={true}
        className="MuiSvgIcon-root MuiSvgIcon-fontSizeMedium css-havevq-MuiSvgIcon-root"
        data-testid="AddRoundedIcon"
        focusable="false"
        viewBox="0 0 24 24"
      >
        <path
          d="M18 13h-5v5c0 .55-.45 1-1 1s-1-.45-1-1v-5H6c-.55 0-1-.45-1-1s.45-1 1-1h5V6c0-.55.45-1 1-1s1 .45 1 1v5h5c.55 0 1 .45 1 1s-.45 1-1 1z"
        />
      </svg>
      <span
        className="MuiTouchRipple-root css-8je8zh-MuiTouchRipple-root"
      />
    </button>
  </div>
  <h6
    className="MuiTypography-root MuiTypography-subtitle2 MuiTypography-noWrap css-1lxji1e-MuiTypography-root"
  >
    IP ADDRESSES
  </h6>
  <p
    className="MuiTypography-root MuiTypography-body2 MuiTypography-noWrap css-xaqhms-MuiTypography-root"
  >
    IP ADDRESS
  </p>
  <p
    className="MuiTypography-root MuiTypography-body2 MuiTypography-noWrap css-l1khaw-MuiTypography-root"
  >
    AUX
  </p>
  <div
    className="MuiBox-root css-1wchkkw"
  >
    <div
      className="MuiFormControl-root MuiTextField-root css-m1r7zy-MuiFormControl-root-MuiTextField-root"
    >
      <div
        className="MuiInputBase-root MuiInput-root MuiInput-underline MuiInputBase-colorPrimary Mui-disabled MuiInputBase-formControl css-uu3kpw-MuiInputBase-root-MuiInput-root"
        onClick={[Function]}
      >
        <input
          aria-invalid={false}
          autoFocus={false}
          className="MuiInputBase-input MuiInput-input Mui-disabled css-1x51dt5-MuiInputBase-input-MuiInput-input"
          disabled={true}
          id=":r9:"
          name="roleIp0"
          onAnimationStart={[Function]}
          onBlur={[Function]}
          onChange={[Function]}
          onFocus={[Function]}
          required={false}
          type="text"
          value="127.0.2.0"
        />
      </div>
    </div>
    <div
      className="MuiFormControl-root MuiTextField-root css-1jul6sg-MuiFormControl-root-MuiTextField-root"
    >
      <div
        className="MuiInputBase-root MuiInput-root MuiInput-underline MuiInputBase-colorPrimary Mui-disabled MuiInputBase-formControl css-uu3kpw-MuiInputBase-root-MuiInput-root"
        onClick={[Function]}
      >
        <input
          aria-invalid={false}
          autoFocus={false}
          className="MuiInputBase-input MuiInput-input Mui-disabled css-1x51dt5-MuiInputBase-input-MuiInput-input"
          disabled={true}
          id=":ra:"
          name="roleIpAUX_0"
          onAnimationStart={[Function]}
          onBlur={[Function]}
          onChange={[Function]}
          onFocus={[Function]}
          required={false}
          type="text"
          value="PORT=*"
        />
      </div>
    </div>
    <button
      aria-label="delete ip information"
      aria-labelledby={null}
      className="MuiButtonBase-root MuiIconButton-root MuiIconButton-sizeLarge css-y1883s-MuiButtonBase-root-MuiIconButton-root"
      data-mui-internal-clone-element={true}
      disabled={false}
      label="delete-ip"
      onBlur={[Function]}
      onClick={[Function]}
      onContextMenu={[Function]}
      onDragLeave={[Function]}
      onFocus={[Function]}
      onKeyDown={[Function]}
      onKeyUp={[Function]}
      onMouseDown={[Function]}
      onMouseEnter={[Function]}
      onMouseLeave={[Function]}
      onMouseOver={[Function]}
      onMouseUp={[Function]}
      onTouchEnd={[Function]}
      onTouchMove={[Function]}
      onTouchStart={[Function]}
      tabIndex={0}
      type="button"
    >
      <svg
        aria-hidden={true}
        className="MuiSvgIcon-root MuiSvgIcon-fontSizeMedium css-havevq-MuiSvgIcon-root"
        data-testid="ClearRoundedIcon"
        focusable="false"
        viewBox="0 0 24 24"
      >
        <path
          d="M18.3 5.71a.9959.9959 0 0 0-1.41 0L12 10.59 7.11 5.7a.9959.9959 0 0 0-1.41 0c-.39.39-.39 1.02 0 1.41L10.59 12 5.7 16.89c-.39.39-.39 1.02 0 1.41.39.39 1.02.39 1.41 0L12 13.41l4.89 4.89c.39.39 1.02.39 1.41 0 .39-.39.39-1.02 0-1.41L13.41 12l4.89-4.89c.38-.38.38-1.02 0-1.4z"
        />
      </svg>
      <span
        className="MuiTouchRipple-root css-8je8zh-MuiTouchRipple-root"
      />
    </button>
  </div>
  <div
    className="MuiBox-root css-1wchkkw"
  >
    <div
      className="MuiFormControl-root MuiTextField-root css-m1r7zy-MuiFormControl-root-MuiTextField-root"
    >
      <div
        className="MuiInputBase-root MuiInput-root MuiInput-underline MuiInputBase-colorPrimary Mui-disabled MuiInputBase-formControl css-uu3kpw-MuiInputBase-root-MuiInput-root"
        onClick={[Function]}
      >
        <input
          aria-invalid={false}
          autoFocus={false}
          className="MuiInputBase-input MuiInput-input Mui-disabled css-1x51dt5-MuiInputBase-input-MuiInput-input"
          disabled={true}
          id=":rc:"
          name="roleIp1"
          onAnimationStart={[Function]}
          onBlur={[Function]}
          onChange={[Function]}
          onFocus={[Function]}
          required={false}
          type="text"
          value="127.0.2.1"
        />
      </div>
    </div>
    <div
      className="MuiFormControl-root MuiTextField-root css-1jul6sg-MuiFormControl-root-MuiTextField-root"
    >
      <div
        className="MuiInputBase-root MuiInput-root MuiInput-underline MuiInputBase-colorPrimary Mui-disabled MuiInputBase-formControl css-uu3kpw-MuiInputBase-root-MuiInput-root"
        onClick={[Function]}
      >
        <input
          aria-invalid={false}
          autoFocus={false}
          className="MuiInputBase-input MuiInput-input Mui-disabled css-1x51dt5-MuiInputBase-input-MuiInput-input"
          disabled={true}
          id=":rd:"
          name="roleIpAUX_1"
          onAnimationStart={[Function]}
          onBlur={[Function]}
          onChange={[Function]}
          onFocus={[Function]}
          required={false}
          type="text"
          value="PORT=*"
        />
      </div>
    </div>
    <button
      aria-label="delete ip information"
      aria-labelledby={null}
      className="MuiButtonBase-root MuiIconButton-root MuiIconButton-sizeLarge css-y1883s-MuiButtonBase-root-MuiIconButton-root"
      data-mui-internal-clone-element={true}
      disabled={false}
      label="delete-ip"
      onBlur={[Function]}
      onClick={[Function]}
      onContextMenu={[Function]}
      onDragLeave={[Function]}
      onFocus={[Function]}
      onKeyDown={[Function]}
      onKeyUp={[Function]}
      onMouseDown={[Function]}
      onMouseEnter={[Function]}
      onMouseLeave={[Function]}
      onMouseOver={[Function]}
      onMouseUp={[Function]}
      onTouchEnd={[Function]}
      onTouchMove={[Function]}
      onTouchStart={[Function]}
      tabIndex={0}
      type="button"
    >
      <svg
        aria-hidden={true}
        className="MuiSvgIcon-root MuiSvgIcon-fontSizeMedium css-havevq-MuiSvgIcon-root"
        data-testid="ClearRoundedIcon"
        focusable="false"
        viewBox="0 0 24 24"
      >
        <path
          d="M18.3 5.71a.9959.9959 0 0 0-1.41 0L12 10.59 7.11 5.7a.9959.9959 0 0 0-1.41 0c-.39.39-.39 1.02 0 1.41L10.59 12 5.7 16.89c-.39.39-.39 1.02 0 1.41.39.39 1.02.39 1.41 0L12 13.41l4.89 4.89c.39.39 1.02.39 1.41 0 .39-.39.39-1.02 0-1.41L13.41 12l4.89-4.89c.38-.38.38-1.02 0-1.4z"
        />
      </svg>
      <span
        className="MuiTouchRipple-root css-8je8zh-MuiTouchRipple-root"
      />
    </button>
  </div>
  <div
    className="MuiBox-root css-1wchkkw"
  >
    <div
      className="MuiFormControl-root MuiTextField-root css-m1r7zy-MuiFormControl-root-MuiTextField-root"
    >
      <div
        className="MuiInputBase-root MuiInput-root MuiInput-underline MuiInputBase-colorPrimary Mui-disabled MuiInputBase-formControl css-uu3kpw-MuiInputBase-root-MuiInput-root"
        onClick={[Function]}
      >
        <input
          aria-invalid={false}
          autoFocus={false}
          className="MuiInputBase-input MuiInput-input Mui-disabled css-1x51dt5-MuiInputBase-input-MuiInput-input"
          disabled={true}
          id=":rf:"
          name="roleIp2"
          onAnimationStart={[Function]}
          onBlur={[Function]}
          onChange={[Function]}
          onFocus={[Function]}
          required={false}
          type="text"
          value="127.0.2.2"
        />
      </div>
    </div>
    <div
      className="MuiFormControl-root MuiTextField-root css-1jul6sg-MuiFormControl-root-MuiTextField-root"
    >
      <div
        className="MuiInputBase-root MuiInput-root MuiInput-underline MuiInputBase-colorPrimary Mui-disabled MuiInputBase-formControl css-uu3kpw-MuiInputBase-root-MuiInput-root"
        onClick={[Function]}
      >
        <input
          aria-invalid={false}
          autoFocus={false}
          className="MuiInputBase-input MuiInput-input Mui-disabled css-1x51dt5-MuiInputBase-input-MuiInput-input"
          disabled={true}
          id=":rg:"
          name="roleIpAUX_2"
          onAnimationStart={[Function]}
          onBlur={[Function]}
          onChange={[Function]}
          onFocus={[Function]}
          required={false}
          type="text"
          value="PORT=*"
        />
      </div>
    </div>
    <button
      aria-label="delete ip information"
      aria-labelledby={null}
      className="MuiButtonBase-root MuiIconButton-root MuiIconButton-sizeLarge css-y1883s-MuiButtonBase-root-MuiIconButton-root"
      data-mui-internal-clone-element={true}
      disabled={false}
      label="delete-ip"
      onBlur={[Function]}
      onClick={[Function]}
      onContextMenu={[Function]}
      onDragLeave={[Function]}
      onFocus={[Function]}
      onKeyDown={[Function]}
      onKeyUp={[Function]}
      onMouseDown={[Function]}
      onMouseEnter={[Function]}
      onMouseLeave={[Function]}
      onMouseOver={[Function]}
      onMouseUp={[Function]}
      onTouchEnd={[Function]}
      onTouchMove={[Function]}
      onTouchStart={[Function]}
      tabIndex={0}
      type="button"
    >
      <svg
        aria-hidden={true}
        className="MuiSvgIcon-root MuiSvgIcon-fontSizeMedium css-havevq-MuiSvgIcon-root"
        data-testid="ClearRoundedIcon"
        focusable="false"
        viewBox="0 0 24 24"
      >
        <path
          d="M18.3 5.71a.9959.9959 0 0 0-1.41 0L12 10.59 7.11 5.7a.9959.9959 0 0 0-1.41 0c-.39.39-.39 1.02 0 1.41L10.59 12 5.7 16.89c-.39.39-.39 1.02 0 1.41.39.39 1.02.39 1.41 0L12 13.41l4.89 4.89c.39.39 1.02.39 1.41 0 .39-.39.39-1.02 0-1.41L13.41 12l4.89-4.89c.38-.38.38-1.02 0-1.4z"
        />
      </svg>
      <span
        className="MuiTouchRipple-root css-8je8zh-MuiTouchRipple-root"
      />
    </button>
  </div>
  <h6
    className="MuiTypography-root MuiTypography-subtitle2 MuiTypography-noWrap css-1lxji1e-MuiTypography-root"
  >
    POLICIES
  </h6>
  <div
    className="MuiBox-root css-1wchkkw"
  >
    <div
      className="MuiFormControl-root MuiTextField-root css-5g4ojo-MuiFormControl-root-MuiTextField-root"
    >
      <div
        className="MuiInputBase-root MuiInput-root MuiInput-underline MuiInputBase-colorPrimary MuiInputBase-formControl css-1b1270g-MuiInputBase-root-MuiInput-root"
        onClick={[Function]}
      >
        <input
          aria-invalid={false}
          autoFocus={false}
          className="MuiInputBase-input MuiInput-input css-1x51dt5-MuiInputBase-input-MuiInput-input"
          disabled={false}
          id=":ri:"
          name="rolePolicy_0"
          onAnimationStart={[Function]}
          onBlur={[Function]}
          onChange={[Function]}
          onFocus={[Function]}
          placeholder="Input policy YRN path"
          required={false}
          type="text"
          value="yrn:yahoo:::33348:policy:k2hr3_entest_obj_pol_01"
        />
      </div>
    </div>
    <button
      aria-label="delete policy"
      aria-labelledby={null}
      className="MuiButtonBase-root MuiIconButton-root MuiIconButton-sizeLarge css-y1883s-MuiButtonBase-root-MuiIconButton-root"
      data-mui-internal-clone-element={true}
      disabled={false}
      label="delete-policy"
      onBlur={[Function]}
      onClick={[Function]}
      onContextMenu={[Function]}
      onDragLeave={[Function]}
      onFocus={[Function]}
      onKeyDown={[Function]}
      onKeyUp={[Function]}
      onMouseDown={[Function]}
      onMouseEnter={[Function]}
      onMouseLeave={[Function]}
      onMouseOver={[Function]}
      onMouseUp={[Function]}
      onTouchEnd={[Function]}
      onTouchMove={[Function]}
      onTouchStart={[Function]}
      tabIndex={0}
      type="button"
    >
      <svg
        aria-hidden={true}
        className="MuiSvgIcon-root MuiSvgIcon-fontSizeMedium css-havevq-MuiSvgIcon-root"
        data-testid="ClearRoundedIcon"
        focusable="false"
        viewBox="0 0 24 24"
      >
        <path
          d="M18.3 5.71a.9959.9959 0 0 0-1.41 0L12 10.59 7.11 5.7a.9959.9959 0 0 0-1.41 0c-.39.39-.39 1.02 0 1.41L10.59 12 5.7 16.89c-.39.39-.39 1.02 0 1.41.39.39 1.02.39 1.41 0L12 13.41l4.89 4.89c.39.39 1.02.39 1.41 0 .39-.39.39-1.02 0-1.41L13.41 12l4.89-4.89c.38-.38.38-1.02 0-1.4z"
        />
      </svg>
      <span
        className="MuiTouchRipple-root css-8je8zh-MuiTouchRipple-root"
      />
    </button>
  </div>
  <div
    className="MuiBox-root css-1wchkkw"
  >
    <div
      className="MuiFormControl-root MuiTextField-root css-5g4ojo-MuiFormControl-root-MuiTextField-root"
    >
      <div
        className="MuiInputBase-root MuiInput-root MuiInput-underline MuiInputBase-colorPrimary MuiInputBase-formControl css-1b1270g-MuiInputBase-root-MuiInput-root"
        onClick={[Function]}
      >
        <input
          aria-invalid={false}
          autoFocus={false}
          className="MuiInputBase-input MuiInput-input css-1x51dt5-MuiInputBase-input-MuiInput-input"
          disabled={false}
          id=":rk:"
          name="roleNewPolicy"
          onAnimationStart={[Function]}
          onBlur={[Function]}
          onChange={[Function]}
          onFocus={[Function]}
          placeholder="Input policy YRN path"
          required={false}
          type="text"
          value=""
        />
      </div>
    </div>
    <button
      aria-label="add policy"
      aria-labelledby={null}
      className="MuiButtonBase-root MuiIconButton-root MuiIconButton-sizeLarge css-y1883s-MuiButtonBase-root-MuiIconButton-root"
      data-mui-internal-clone-element={true}
      disabled={false}
      label="add-policy"
      onBlur={[Function]}
      onClick={[Function]}
      onContextMenu={[Function]}
      onDragLeave={[Function]}
      onFocus={[Function]}
      onKeyDown={[Function]}
      onKeyUp={[Function]}
      onMouseDown={[Function]}
      onMouseEnter={[Function]}
      onMouseLeave={[Function]}
      onMouseOver={[Function]}
      onMouseUp={[Function]}
      onTouchEnd={[Function]}
      onTouchMove={[Function]}
      onTouchStart={[Function]}
      tabIndex={0}
      type="button"
    >
      <svg
        aria-hidden={true}
        className="MuiSvgIcon-root MuiSvgIcon-fontSizeMedium css-havevq-MuiSvgIcon-root"
        data-testid="AddRoundedIcon"
        focusable="false"
        viewBox="0 0 24 24"
      >
        <path
          d="M18 13h-5v5c0 .55-.45 1-1 1s-1-.45-1-1v-5H6c-.55 0-1-.45-1-1s.45-1 1-1h5V6c0-.55.45-1 1-1s1 .45 1 1v5h5c.55 0 1 .45 1 1s-.45 1-1 1z"
        />
      </svg>
      <span
        className="MuiTouchRipple-root css-8je8zh-MuiTouchRipple-root"
      />
    </button>
  </div>
  <h6
    className="MuiTypography-root MuiTypography-subtitle2 MuiTypography-noWrap css-1lxji1e-MuiTypography-root"
  >
    ALIASES
  </h6>
  <div
    className="MuiBox-root css-1wchkkw"
  >
    <div
      className="MuiFormControl-root MuiTextField-root css-gemud3-MuiFormControl-root-MuiTextField-root"
    >
      <div
        className="MuiInputBase-root MuiInput-root MuiInput-underline MuiInputBase-colorPrimary MuiInputBase-formControl css-1b1270g-MuiInputBase-root-MuiInput-root"
        onClick={[Function]}
      >
        <input
          aria-invalid={false}
          autoFocus={false}
          className="MuiInputBase-input MuiInput-input css-1x51dt5-MuiInputBase-input-MuiInput-input"
          disabled={false}
          id=":rm:"
          name="aliasValue_0"
          onAnimationStart={[Function]}
          onBlur={[Function]}
          onChange={[Function]}
          onFocus={[Function]}
          placeholder="Input alias YRN path"
          required={false}
          type="text"
          value="yrn:yahoo:::33348:role:k2hr3_entest_obj_role_03"
        />
      </div>
    </div>
    <button
      aria-label="move to down position in list"
      className="MuiButtonBase-root Mui-disabled MuiIconButton-root Mui-disabled MuiIconButton-sizeLarge css-auyrvk-MuiButtonBase-root-MuiIconButton-root"
      disabled={true}
      label="move-down-alias"
      onBlur={[Function]}
      onContextMenu={[Function]}
      onDragLeave={[Function]}
      onFocus={[Function]}
      onKeyDown={[Function]}
      onKeyUp={[Function]}
      onMouseDown={[Function]}
      onMouseLeave={[Function]}
      onMouseUp={[Function]}
      onTouchEnd={[Function]}
      onTouchMove={[Function]}
      onTouchStart={[Function]}
      tabIndex={-1}
      type="button"
    >
      <svg
        aria-hidden={true}
        className="MuiSvgIcon-root MuiSvgIcon-fontSizeMedium css-havevq-MuiSvgIcon-root"
        data-testid="ArrowDownwardRoundedIcon"
        focusable="false"
        viewBox="0 0 24 24"
      >
        <path
          d="M11 5v11.17l-4.88-4.88c-.39-.39-1.03-.39-1.42 0-.39.39-.39 1.02 0 1.41l6.59 6.59c.39.39 1.02.39 1.41 0l6.59-6.59c.39-.39.39-1.02 0-1.41a.9959.9959 0 0 0-1.41 0L13 16.17V5c0-.55-.45-1-1-1s-1 .45-1 1z"
        />
      </svg>
    </button>
    <button
      aria-label="move to up position in list"
      className="MuiButtonBase-root Mui-disabled MuiIconButton-root Mui-disabled MuiIconButton-sizeLarge css-auyrvk-MuiButtonBase-root-MuiIconButton-root"
      disabled={true}
      label="move-up-alias"
      onBlur={[Function]}
      onContextMenu={[Function]}
      onDragLeave={[Function]}
      onFocus={[Function]}
      onKeyDown={[Function]}
      onKeyUp={[Function]}
      onMouseDown={[Function]}
      onMouseLeave={[Function]}
      onMouseUp={[Function]}
      onTouchEnd={[Function]}
      onTouchMove={[Function]}
      onTouchStart={[Function]}
      tabIndex={-1}
      type="button"
    >
      <svg
        aria-hidden={true}
        className="MuiSvgIcon-root MuiSvgIcon-fontSizeMedium css-havevq-MuiSvgIcon-root"
        data-testid="ArrowUpwardRoundedIcon"
        focusable="false"
        viewBox="0 0 24 24"
      >
        <path
          d="M13 19V7.83l4.88 4.88c.39.39 1.03.39 1.42 0 .39-.39.39-1.02 0-1.41l-6.59-6.59a.9959.9959 0 0 0-1.41 0l-6.6 6.58c-.39.39-.39 1.02 0 1.41.39.39 1.02.39 1.41 0L11 7.83V19c0 .55.45 1 1 1s1-.45 1-1z"
        />
      </svg>
    </button>
    <button
      aria-label="delete alias"
      aria-labelledby={null}
      className="MuiButtonBase-root MuiIconButton-root MuiIconButton-sizeLarge css-y1883s-MuiButtonBase-root-MuiIconButton-root"
      data-mui-internal-clone-element={true}
      disabled={false}
      label="delete-alias"
      onBlur={[Function]}
      onClick={[Function]}
      onContextMenu={[Function]}
      onDragLeave={[Function]}
      onFocus={[Function]}
      onKeyDown={[Function]}
      onKeyUp={[Function]}
      onMouseDown={[Function]}
      onMouseEnter={[Function]}
      onMouseLeave={[Function]}
      onMouseOver={[Function]}
      onMouseUp={[Function]}
      onTouchEnd={[Function]}
      onTouchMove={[Function]}
      onTouchStart={[Function]}
      tabIndex={0}
      type="button"
    >
      <svg
        aria-hidden={true}
        className="MuiSvgIcon-root MuiSvgIcon-fontSizeMedium css-havevq-MuiSvgIcon-root"
        data-testid="ClearRoundedIcon"
        focusable="false"
        viewBox="0 0 24 24"
      >
        <path
          d="M18.3 5.71a.9959.9959 0 0 0-1.41 0L12 10.59 7.11 5.7a.9959.9959 0 0 0-1.41 0c-.39.39-.39 1.02 0 1.41L10.59 12 5.7 16.89c-.39.39-.39 1.02 0 1.41.39.39 1.02.39 1.41 0L12 13.41l4.89 4.89c.39.39 1.02.39 1.41 0 .39-.39.39-1.02 0-1.41L13.41 12l4.89-4.89c.38-.38.38-1.02 0-1.4z"
        />
      </svg>
      <span
        className="MuiTouchRipple-root css-8je8zh-MuiTouchRipple-root"
      />
    </button>
  </div>
  <div
    className="MuiBox-root css-1wchkkw"
  >
    <div
      className="MuiFormControl-root MuiTextField-root css-gemud3-MuiFormControl-root-MuiTextField-root"
    >
      <div
        className="MuiInputBase-root MuiInput-root MuiInput-underline MuiInputBase-colorPrimary MuiInputBase-formControl css-1b1270g-MuiInputBase-root-MuiInput-root"
        onClick={[Function]}
      >
        <input
          aria-invalid={false}
          autoFocus={false}
          className="MuiInputBase-input MuiInput-input css-1x51dt5-MuiInputBase-input-MuiInput-input"
          disabled={false}
          id=":ro:"
          name="aliasNew"
          onAnimationStart={[Function]}
          onBlur={[Function]}
          onChange={[Function]}
          onFocus={[Function]}
          placeholder="Input alias YRN path"
          required={false}
          type="text"
          value=""
        />
      </div>
    </div>
    <button
      aria-label="add alias"
      aria-labelledby={null}
      className="MuiButtonBase-root MuiIconButton-root MuiIconButton-sizeLarge css-huweep-MuiButtonBase-root-MuiIconButton-root"
      data-mui-internal-clone-element={true}
      disabled={false}
      label="add-alias"
      onBlur={[Function]}
      onClick={[Function]}
      onContextMenu={[Function]}
      onDragLeave={[Function]}
      onFocus={[Function]}
      onKeyDown={[Function]}
      onKeyUp={[Function]}
      onMouseDown={[Function]}
      onMouseEnter={[Function]}
      onMouseLeave={[Function]}
      onMouseOver={[Function]}
      onMouseUp={[Function]}
      onTouchEnd={[Function]}
      onTouchMove={[Function]}
      onTouchStart={[Function]}
      tabIndex={0}
      type="button"
    >
      <svg
        aria-hidden={true}
        className="MuiSvgIcon-root MuiSvgIcon-fontSizeMedium css-havevq-MuiSvgIcon-root"
        data-testid="AddRoundedIcon"
        focusable="false"
        viewBox="0 0 24 24"
      >
        <path
          d="M18 13h-5v5c0 .55-.45 1-1 1s-1-.45-1-1v-5H6c-.55 0-1-.45-1-1s.45-1 1-1h5V6c0-.55.45-1 1-1s1 .45 1 1v5h5c.55 0 1 .45 1 1s-.45 1-1 1z"
        />
      </svg>
      <span
        className="MuiTouchRipple-root css-8je8zh-MuiTouchRipple-root"
      />
    </button>
  </div>
  <div
    className="MuiBox-root css-1uc44nh"
  >
    <button
      aria-label="cancel"
      className="MuiButtonBase-root MuiButton-root MuiButton-contained MuiButton-containedPrimary MuiButton-sizeMedium MuiButton-containedSizeMedium Mui-disabled MuiButton-root MuiButton-contained MuiButton-containedPrimary MuiButton-sizeMedium MuiButton-containedSizeMedium css-jkkg7s-MuiButtonBase-root-MuiButton-root"
      disabled={true}
      onBlur={[Function]}
      onClick={[Function]}
      onContextMenu={[Function]}
      onDragLeave={[Function]}
      onFocus={[Function]}
      onKeyDown={[Function]}
      onKeyUp={[Function]}
      onMouseDown={[Function]}
      onMouseLeave={[Function]}
      onMouseUp={[Function]}
      onTouchEnd={[Function]}
      onTouchMove={[Function]}
      onTouchStart={[Function]}
      tabIndex={-1}
      type="button"
    >
      CANCEL
      <svg
        aria-hidden={true}
        className="MuiSvgIcon-root MuiSvgIcon-fontSizeMedium css-1kpp06s-MuiSvgIcon-root"
        data-testid="CancelIcon"
        focusable="false"
        viewBox="0 0 24 24"
      >
        <path
          d="M12 2C6.47 2 2 6.47 2 12s4.47 10 10 10 10-4.47 10-10S17.53 2 12 2zm5 13.59L15.59 17 12 13.41 8.41 17 7 15.59 10.59 12 7 8.41 8.41 7 12 10.59 15.59 7 17 8.41 13.41 12 17 15.59z"
        />
      </svg>
    </button>
    <button
      aria-label="save"
      className="MuiButtonBase-root MuiButton-root MuiButton-contained MuiButton-containedSecondary MuiButton-sizeMedium MuiButton-containedSizeMedium Mui-disabled MuiButton-root MuiButton-contained MuiButton-containedSecondary MuiButton-sizeMedium MuiButton-containedSizeMedium css-ibc20f-MuiButtonBase-root-MuiButton-root"
      disabled={true}
      onBlur={[Function]}
      onClick={[Function]}
      onContextMenu={[Function]}
      onDragLeave={[Function]}
      onFocus={[Function]}
      onKeyDown={[Function]}
      onKeyUp={[Function]}
      onMouseDown={[Function]}
      onMouseLeave={[Function]}
      onMouseUp={[Function]}
      onTouchEnd={[Function]}
      onTouchMove={[Function]}
      onTouchStart={[Function]}
      tabIndex={-1}
      type="button"
    >
      SAVE
      <svg
        aria-hidden={true}
        className="MuiSvgIcon-root MuiSvgIcon-fontSizeMedium css-1kpp06s-MuiSvgIcon-root"
        data-testid="CheckCircleIcon"
        focusable="false"
        viewBox="0 0 24 24"
      >
        <path
          d="M12 2C6.48 2 2 6.48 2 12s4.48 10 10 10 10-4.48 10-10S17.52 2 12 2zm-2 15-5-5 1.41-1.41L10 14.17l7.59-7.59L19 8l-9 9z"
        />
      </svg>
    </button>
  </div>
</div>
`;
