// Jest Snapshot v1, https://goo.gl/fbAQLP

exports[`R3ToolBar test snapshot for R3ToolBar 1`] = `
<div
  className="MuiBox-root css-0"
>
  <header
    className="MuiPaper-root MuiPaper-elevation MuiPaper-elevation0 MuiAppBar-root MuiAppBar-colorPrimary MuiAppBar-positionStatic css-3uduyq-MuiPaper-root-MuiAppBar-root"
    style={
      {
        "--Paper-shadow": "none",
      }
    }
  >
    <div
      className="MuiToolbar-root MuiToolbar-gutters MuiToolbar-regular css-1ygil4i-MuiToolbar-root"
    >
      <div
        aria-label="current display item and its path"
        aria-labelledby={null}
        className="MuiButtonBase-root MuiChip-root MuiChip-filled MuiChip-sizeMedium MuiChip-colorPrimary MuiChip-clickable MuiChip-clickableColorPrimary MuiChip-filledPrimary css-kr0zk4-MuiButtonBase-root-MuiChip-root"
        data-mui-internal-clone-element={true}
        onBlur={[Function]}
        onClick={[Function]}
        onContextMenu={[Function]}
        onDragLeave={[Function]}
        onFocus={[Function]}
        onKeyDown={[Function]}
        onKeyUp={[Function]}
        onMouseDown={[Function]}
        onMouseEnter={[Function]}
        onMouseLeave={[Function]}
        onMouseOver={[Function]}
        onMouseUp={[Function]}
        onTouchEnd={[Function]}
        onTouchMove={[Function]}
        onTouchStart={[Function]}
        role="button"
        tabIndex={0}
      >
        <div
          className="MuiAvatar-root MuiAvatar-circular MuiAvatar-colorDefault MuiChip-avatar MuiChip-avatarMedium MuiChip-avatarColorPrimary css-1tu8av5-MuiAvatar-root"
        >
          <svg
            aria-hidden={true}
            className="MuiSvgIcon-root MuiSvgIcon-fontSizeMedium css-11ea9o4-MuiSvgIcon-root"
            data-testid="DescriptionIcon"
            focusable="false"
            viewBox="0 0 24 24"
          >
            <path
              d="M14 2H6c-1.1 0-1.99.9-1.99 2L4 20c0 1.1.89 2 1.99 2H18c1.1 0 2-.9 2-2V8zm2 16H8v-2h8zm0-4H8v-2h8zm-3-5V3.5L18.5 9z"
            />
          </svg>
        </div>
        <span
          className="MuiChip-label MuiChip-labelMedium css-1glixai-MuiChip-label"
        >
          <span
            className="MuiTypography-root MuiTypography-subtitle2 css-udjdov-MuiTypography-root"
            style={{}}
          >
            SERVICE
          </span>
        </span>
      </div>
      <span
        className="MuiTypography-root MuiTypography-subtitle2 MuiTypography-noWrap css-1yle1s4-MuiTypography-root"
        style={{}}
      >
        .../dummyresource
      </span>
      <button
        aria-label="Move to upper path"
        aria-labelledby={null}
        className="MuiButtonBase-root MuiIconButton-root MuiIconButton-sizeLarge css-skim0e-MuiButtonBase-root-MuiIconButton-root"
        data-mui-internal-clone-element={true}
        disabled={false}
        id=":r2:"
        onBlur={[Function]}
        onClick={[Function]}
        onContextMenu={[Function]}
        onDragLeave={[Function]}
        onFocus={[Function]}
        onKeyDown={[Function]}
        onKeyUp={[Function]}
        onMouseDown={[Function]}
        onMouseEnter={[Function]}
        onMouseLeave={[Function]}
        onMouseOver={[Function]}
        onMouseUp={[Function]}
        onTouchEnd={[Function]}
        onTouchMove={[Function]}
        onTouchStart={[Function]}
        tabIndex={0}
        type="button"
      >
        <span
          className="MuiIconButton-loadingIndicator css-165vu30-MuiIconButton-loadingIndicator"
        />
        <svg
          aria-hidden={true}
          className="MuiSvgIcon-root MuiSvgIcon-fontSizeMedium css-14500qs-MuiSvgIcon-root"
          data-testid="ArrowUpwardRoundedIcon"
          focusable="false"
          viewBox="0 0 24 24"
        >
          <path
            d="M13 19V7.83l4.88 4.88c.39.39 1.03.39 1.42 0s.39-1.02 0-1.41l-6.59-6.59a.996.996 0 0 0-1.41 0l-6.6 6.58c-.39.39-.39 1.02 0 1.41s1.02.39 1.41 0L11 7.83V19c0 .55.45 1 1 1s1-.45 1-1"
          />
        </svg>
      </button>
      <div
        className="MuiBox-root css-i9gxme"
      />
      <button
        aria-label="Create SERVICE under TENANT"
        aria-labelledby={null}
        className="MuiButtonBase-root MuiIconButton-root MuiIconButton-sizeLarge css-skim0e-MuiButtonBase-root-MuiIconButton-root"
        data-mui-internal-clone-element={true}
        disabled={false}
        id=":r4:"
        onBlur={[Function]}
        onClick={[Function]}
        onContextMenu={[Function]}
        onDragLeave={[Function]}
        onFocus={[Function]}
        onKeyDown={[Function]}
        onKeyUp={[Function]}
        onMouseDown={[Function]}
        onMouseEnter={[Function]}
        onMouseLeave={[Function]}
        onMouseOver={[Function]}
        onMouseUp={[Function]}
        onTouchEnd={[Function]}
        onTouchMove={[Function]}
        onTouchStart={[Function]}
        tabIndex={0}
        type="button"
      >
        <span
          className="MuiIconButton-loadingIndicator css-165vu30-MuiIconButton-loadingIndicator"
        />
        <svg
          aria-hidden={true}
          className="MuiSvgIcon-root MuiSvgIcon-fontSizeMedium css-14500qs-MuiSvgIcon-root"
          data-testid="AddRoundedIcon"
          focusable="false"
          viewBox="0 0 24 24"
        >
          <path
            d="M18 13h-5v5c0 .55-.45 1-1 1s-1-.45-1-1v-5H6c-.55 0-1-.45-1-1s.45-1 1-1h5V6c0-.55.45-1 1-1s1 .45 1 1v5h5c.55 0 1 .45 1 1s-.45 1-1 1"
          />
        </svg>
      </button>
      <button
        aria-label="Delete SERVICE under TENANT"
        aria-labelledby={null}
        className="MuiButtonBase-root MuiIconButton-root MuiIconButton-sizeLarge css-skim0e-MuiButtonBase-root-MuiIconButton-root"
        data-mui-internal-clone-element={true}
        disabled={false}
        id=":r6:"
        onBlur={[Function]}
        onClick={[Function]}
        onContextMenu={[Function]}
        onDragLeave={[Function]}
        onFocus={[Function]}
        onKeyDown={[Function]}
        onKeyUp={[Function]}
        onMouseDown={[Function]}
        onMouseEnter={[Function]}
        onMouseLeave={[Function]}
        onMouseOver={[Function]}
        onMouseUp={[Function]}
        onTouchEnd={[Function]}
        onTouchMove={[Function]}
        onTouchStart={[Function]}
        tabIndex={0}
        type="button"
      >
        <span
          className="MuiIconButton-loadingIndicator css-165vu30-MuiIconButton-loadingIndicator"
        />
        <svg
          aria-hidden={true}
          className="MuiSvgIcon-root MuiSvgIcon-fontSizeMedium css-14500qs-MuiSvgIcon-root"
          data-testid="ClearRoundedIcon"
          focusable="false"
          viewBox="0 0 24 24"
        >
          <path
            d="M18.3 5.71a.996.996 0 0 0-1.41 0L12 10.59 7.11 5.7a.996.996 0 0 0-1.41 0c-.39.39-.39 1.02 0 1.41L10.59 12 5.7 16.89c-.39.39-.39 1.02 0 1.41s1.02.39 1.41 0L12 13.41l4.89 4.89c.39.39 1.02.39 1.41 0s.39-1.02 0-1.41L13.41 12l4.89-4.89c.38-.38.38-1.02 0-1.4"
          />
        </svg>
      </button>
    </div>
  </header>
</div>
`;
