// Jest Snapshot v1, https://goo.gl/fbAQLP

exports[`R3AboutDialog test snapshot for R3AboutDialog 1`] = `
<div
  aria-label="about dialog"
  className="MuiDialog-root R3AboutDialog-root-1"
  label="about-dialog"
  onKeyDown={[Function]}
  role="presentation"
  style={
    Object {
      "bottom": 0,
      "left": 0,
      "position": "fixed",
      "right": 0,
      "top": 0,
      "zIndex": 1300,
    }
  }
>
  <div
    data-test="sentinelStart"
    tabIndex={0}
  />
  <div
    data-test="sentinelEnd"
    tabIndex={0}
  />
</div>
`;
