// Jest Snapshot v1, https://goo.gl/fbAQLP

exports[`R3AccountDialog test snapshot for R3AccountDialog 1`] = `
<
  aria-label="account dialog"
  className="MuiDialog-root R3AccountDialog-root-1 css-1h8td7x-MuiDialog-root"
  closeAfterTransition={true}
  components={
    Object {
      "Backdrop": Object {
        "$$typeof": Symbol(react.forward_ref),
        "__emotion_base": Object {
          "$$typeof": Symbol(react.forward_ref),
          "propTypes": Object {
            "children": [Function],
            "className": [Function],
            "classes": [Function],
            "component": [Function],
            "components": [Function],
            "componentsProps": [Function],
            "invisible": [Function],
            "open": [Function],
            "sx": [Function],
            "transitionDuration": [Function],
          },
          "render": [Function],
        },
        "__emotion_forwardProp": [Function],
        "__emotion_real": [Circular],
        "__emotion_styles": Array [
          "label:MuiDialog-backdrop;",
          Object {
            "zIndex": -1,
          },
          [Function],
        ],
        "defaultProps": undefined,
        "render": [Function],
        "withComponent": [Function],
      },
    }
  }
  componentsProps={
    Object {
      "backdrop": Object {
        "as": undefined,
        "transitionDuration": Object {
          "enter": 225,
          "exit": 195,
        },
      },
    }
  }
  disableEscapeKeyDown={false}
  disablePortal={true}
  label="account-dialog"
  onClick={[Function]}
  onClose={[Function]}
  open={true}
>
  <
    appear={true}
    in={true}
    role="presentation"
    timeout={
      Object {
        "enter": 225,
        "exit": 195,
      }
    }
  >
    <div
      className="MuiDialog-container MuiDialog-scrollBody css-iz3z40-MuiDialog-container"
      onMouseDown={[Function]}
    >
      <div
        aria-labelledby="mui-3"
        className="MuiPaper-root MuiPaper-elevation MuiPaper-rounded MuiPaper-elevation24 MuiDialog-paper MuiDialog-paperScrollBody MuiDialog-paperWidthSm MuiDialog-paperFullWidth css-zfoovh-MuiPaper-root-MuiDialog-paper"
        role="dialog"
      >
        <h2
          className="MuiTypography-root MuiTypography-h6 MuiDialogTitle-root R3AccountDialog-dialogTitle-2 css-bdhsul-MuiTypography-root-MuiDialogTitle-root"
          id="mui-3"
          label="account-dialog"
        >
          <span
            className="MuiTypography-root MuiTypography-h5 MuiTypography-noWrap R3AccountDialog-title-3 css-idtq1y-MuiTypography-root"
          >
            Account Information
          </span>
        </h2>
        <div
          className="MuiDialogContent-root R3AccountDialog-dialogContent-4 css-ypiqx9-MuiDialogContent-root"
        >
          <span
            className="MuiTypography-root MuiTypography-subtitle2 MuiTypography-noWrap R3AccountDialog-subTitle-5 css-qxncr6-MuiTypography-root"
          >
            User name
          </span>
          <span
            className="MuiTypography-root MuiTypography-body1 R3AccountDialog-value-6 css-nrdprl-MuiTypography-root"
          >
            JEST_TEST_USERNAME
          </span>
          <span
            className="MuiTypography-root MuiTypography-subtitle2 MuiTypography-noWrap R3AccountDialog-subTitle-5 css-qxncr6-MuiTypography-root"
          >
            Unscoped Token
          </span>
          <div
            className="MuiFormControl-root MuiFormControl-fullWidth MuiTextField-root R3AccountDialog-unscopedtokenTextField-11 css-wb57ya-MuiFormControl-root-MuiTextField-root"
          >
            <div
              className="MuiOutlinedInput-root MuiInputBase-root MuiInputBase-colorPrimary MuiInputBase-fullWidth MuiInputBase-formControl R3AccountDialog-unscopedtokenInputTextField-10 css-md26zr-MuiInputBase-root-MuiOutlinedInput-root"
              onClick={[Function]}
            >
              <input
                aria-invalid={false}
                autoFocus={false}
                className="MuiOutlinedInput-input MuiInputBase-input css-1t8l2tu-MuiInputBase-input-MuiOutlinedInput-input"
                disabled={false}
                id="mui-1"
                name="unscopedtoken-textfield"
                onAnimationStart={[Function]}
                onBlur={[Function]}
                onChange={[Function]}
                onFocus={[Function]}
                required={false}
                style={
                  Object {
                    "padding": 0,
                  }
                }
                type="text"
                value="JEST_TEST_UNSCOPED_TOKEN"
              />
              <fieldset
                aria-hidden={true}
                className="MuiOutlinedInput-notchedOutline css-1d3z3hw-MuiOutlinedInput-notchedOutline"
              >
                <legend
                  className="css-hdw1oc"
                >
                  <span
                    className="notranslate"
                  >
                    â€‹
                  </span>
                </legend>
              </fieldset>
            </div>
          </div>
          <button
            aria-label="Copy to clipboard"
            aria-labelledby={null}
            className="MuiButton-root MuiButton-text MuiButton-textPrimary MuiButton-sizeMedium MuiButton-textSizeMedium MuiButtonBase-root R3AccountDialog-copyClipboardButton-12 css-1e6y48t-MuiButtonBase-root-MuiButton-root"
            data-mui-internal-clone-element={true}
            disabled={false}
            onBlur={[Function]}
            onClick={[Function]}
            onContextMenu={[Function]}
            onDragLeave={[Function]}
            onFocus={[Function]}
            onKeyDown={[Function]}
            onKeyUp={[Function]}
            onMouseDown={[Function]}
            onMouseEnter={[Function]}
            onMouseLeave={[Function]}
            onMouseOver={[Function]}
            onMouseUp={[Function]}
            onTouchEnd={[Function]}
            onTouchMove={[Function]}
            onTouchStart={[Function]}
            tabIndex={0}
            type="button"
          >
            <svg
              aria-hidden={true}
              className="MuiSvgIcon-root MuiSvgIcon-fontSizeMedium R3AccountDialog-copyClipboardIcon-13 css-i4bv87-MuiSvgIcon-root"
              data-testid="AssignmentTurnedInRoundedIcon"
              focusable="false"
              viewBox="0 0 24 24"
            >
              <path
                d="M19 3h-4.18C14.4 1.84 13.3 1 12 1s-2.4.84-2.82 2H5c-1.1 0-2 .9-2 2v14c0 1.1.9 2 2 2h14c1.1 0 2-.9 2-2V5c0-1.1-.9-2-2-2zm-7 0c.55 0 1 .45 1 1s-.45 1-1 1-1-.45-1-1 .45-1 1-1zM9.29 16.29 6.7 13.7a.9959.9959 0 0 1 0-1.41c.39-.39 1.02-.39 1.41 0L10 14.17l5.88-5.88c.39-.39 1.02-.39 1.41 0 .39.39.39 1.02 0 1.41l-6.59 6.59c-.38.39-1.02.39-1.41 0z"
              />
            </svg>
            Copy to clipboard
            <span
              className="MuiTouchRipple-root css-8je8zh-MuiTouchRipple-root"
            />
          </button>
        </div>
        <div
          className="MuiDialogActions-root MuiDialogActions-spacing css-hlj6pa-MuiDialogActions-root"
        >
          <button
            aria-label="ok"
            className="MuiButton-root MuiButton-contained MuiButton-containedSecondary MuiButton-sizeMedium MuiButton-containedSizeMedium MuiButtonBase-root R3AccountDialog-okButton-8 css-zcbmsk-MuiButtonBase-root-MuiButton-root"
            disabled={false}
            onBlur={[Function]}
            onClick={[Function]}
            onContextMenu={[Function]}
            onDragLeave={[Function]}
            onFocus={[Function]}
            onKeyDown={[Function]}
            onKeyUp={[Function]}
            onMouseDown={[Function]}
            onMouseLeave={[Function]}
            onMouseUp={[Function]}
            onTouchEnd={[Function]}
            onTouchMove={[Function]}
            onTouchStart={[Function]}
            tabIndex={0}
            type="button"
          >
            OK
            <svg
              aria-hidden={true}
              className="MuiSvgIcon-root MuiSvgIcon-fontSizeMedium R3AccountDialog-buttonIcon-9 css-i4bv87-MuiSvgIcon-root"
              data-testid="CheckCircleIcon"
              focusable="false"
              viewBox="0 0 24 24"
            >
              <path
                d="M12 2C6.48 2 2 6.48 2 12s4.48 10 10 10 10-4.48 10-10S17.52 2 12 2zm-2 15-5-5 1.41-1.41L10 14.17l7.59-7.59L19 8l-9 9z"
              />
            </svg>
            <span
              className="MuiTouchRipple-root css-8je8zh-MuiTouchRipple-root"
            />
          </button>
        </div>
      </div>
    </div>
  </>
</>
`;
