// Jest Snapshot v1, https://goo.gl/fbAQLP

exports[`R3AppBar test snapshot for R3AppBar 1`] = `
<header
  className="MuiPaper-root MuiPaper-elevation MuiPaper-elevation4 MuiAppBar-root MuiAppBar-colorPrimary MuiAppBar-positionStatic R3AppBar-root-1 css-hip9hq-MuiPaper-root-MuiAppBar-root"
>
  <div
    className="MuiToolbar-root MuiToolbar-gutters MuiToolbar-dense R3AppBar-toolbar-2 css-10ltm04-MuiToolbar-root"
  >
    <button
      aria-haspopup="true"
      aria-label="main menu"
      aria-labelledby={null}
      className="MuiButtonBase-root MuiIconButton-root MuiIconButton-colorInherit MuiIconButton-sizeLarge css-1pz7awu-MuiButtonBase-root-MuiIconButton-root"
      data-mui-internal-clone-element={true}
      disabled={false}
      label="main-menu"
      onBlur={[Function]}
      onClick={[Function]}
      onContextMenu={[Function]}
      onDragLeave={[Function]}
      onFocus={[Function]}
      onKeyDown={[Function]}
      onKeyUp={[Function]}
      onMouseDown={[Function]}
      onMouseEnter={[Function]}
      onMouseLeave={[Function]}
      onMouseOver={[Function]}
      onMouseUp={[Function]}
      onTouchEnd={[Function]}
      onTouchMove={[Function]}
      onTouchStart={[Function]}
      tabIndex={0}
      type="button"
    >
      <svg
        aria-hidden={true}
        className="MuiSvgIcon-root MuiSvgIcon-fontSizeMedium css-i4bv87-MuiSvgIcon-root"
        data-testid="MenuIcon"
        focusable="false"
        viewBox="0 0 24 24"
      >
        <path
          d="M3 18h18v-2H3v2zm0-5h18v-2H3v2zm0-7v2h18V6H3z"
        />
      </svg>
      <span
        className="MuiTouchRipple-root css-8je8zh-MuiTouchRipple-root"
      />
    </button>
    <h6
      className="MuiTypography-root MuiTypography-h6 MuiTypography-noWrap R3AppBar-title-3 css-8uzb32-MuiTypography-root"
    >
      K2HR3
    </h6>
    <button
      aria-haspopup="true"
      aria-label="signin menu"
      aria-labelledby={null}
      className="MuiButtonBase-root MuiIconButton-root MuiIconButton-colorInherit MuiIconButton-sizeLarge R3AppBar-signinButton-6 css-1pz7awu-MuiButtonBase-root-MuiIconButton-root"
      data-mui-internal-clone-element={true}
      disabled={false}
      label="signin-menu"
      onBlur={[Function]}
      onClick={[Function]}
      onContextMenu={[Function]}
      onDragLeave={[Function]}
      onFocus={[Function]}
      onKeyDown={[Function]}
      onKeyUp={[Function]}
      onMouseDown={[Function]}
      onMouseEnter={[Function]}
      onMouseLeave={[Function]}
      onMouseOver={[Function]}
      onMouseUp={[Function]}
      onTouchEnd={[Function]}
      onTouchMove={[Function]}
      onTouchStart={[Function]}
      tabIndex={0}
      type="button"
    >
      <svg
        aria-hidden={true}
        className="MuiSvgIcon-root MuiSvgIcon-fontSizeMedium css-i4bv87-MuiSvgIcon-root"
        data-testid="AccountCircleIcon"
        focusable="false"
        viewBox="0 0 24 24"
      >
        <path
          d="M12 2C6.48 2 2 6.48 2 12s4.48 10 10 10 10-4.48 10-10S17.52 2 12 2zm0 3c1.66 0 3 1.34 3 3s-1.34 3-3 3-3-1.34-3-3 1.34-3 3-3zm0 14.2c-2.5 0-4.71-1.28-6-3.22.03-1.99 4-3.08 6-3.08 1.99 0 5.97 1.09 6 3.08-1.29 1.94-3.5 3.22-6 3.22z"
        />
      </svg>
      <span
        className="MuiTouchRipple-root css-8je8zh-MuiTouchRipple-root"
      />
    </button>
  </div>
</header>
`;
