// Jest Snapshot v1, https://goo.gl/fbAQLP

exports[`R3CreateServiceDialog test snapshot for R3CreateServiceDialog 1`] = `
<
  aria-label="create service dialog"
  className="MuiDialog-root css-1h8td7x-MuiDialog-root"
  closeAfterTransition={true}
  components={
    Object {
      "Backdrop": Object {
        "$$typeof": Symbol(react.forward_ref),
        "__emotion_base": Object {
          "$$typeof": Symbol(react.forward_ref),
          "propTypes": Object {
            "children": [Function],
            "className": [Function],
            "classes": [Function],
            "component": [Function],
            "components": [Function],
            "componentsProps": [Function],
            "invisible": [Function],
            "open": [Function],
            "sx": [Function],
            "transitionDuration": [Function],
          },
          "render": [Function],
        },
        "__emotion_forwardProp": [Function],
        "__emotion_real": [Circular],
        "__emotion_styles": Array [
          "label:MuiDialog-backdrop;",
          Object {
            "zIndex": -1,
          },
          [Function],
        ],
        "defaultProps": undefined,
        "render": [Function],
        "withComponent": [Function],
      },
    }
  }
  componentsProps={
    Object {
      "backdrop": Object {
        "as": undefined,
        "transitionDuration": Object {
          "enter": 225,
          "exit": 195,
        },
      },
    }
  }
  disableEscapeKeyDown={false}
  disablePortal={true}
  label="create-service-dialog"
  onClick={[Function]}
  onClose={[Function]}
  open={true}
>
  <
    appear={true}
    in={true}
    role="presentation"
    timeout={
      Object {
        "enter": 225,
        "exit": 195,
      }
    }
  >
    <div
      className="MuiDialog-container MuiDialog-scrollBody css-iz3z40-MuiDialog-container"
      onMouseDown={[Function]}
    >
      <div
        aria-labelledby=":r0:"
        className="MuiPaper-root MuiPaper-elevation MuiPaper-rounded MuiPaper-elevation24 MuiDialog-paper MuiDialog-paperScrollBody MuiDialog-paperWidthSm MuiDialog-paperFullWidth css-3q99l0-MuiPaper-root-MuiDialog-paper"
        role="dialog"
      >
        <h2
          className="MuiTypography-root MuiTypography-h6 MuiDialogTitle-root css-5unaky-MuiTypography-root-MuiDialogTitle-root"
          id=":r0:"
          label="create-service-dialog"
        >
          <span
            className="MuiTypography-root MuiTypography-h5 MuiTypography-noWrap css-1h4f5vm-MuiTypography-root"
          >
            Create a new SERVICE
          </span>
        </h2>
        <div
          className="MuiDialogContent-root css-ypiqx9-MuiDialogContent-root"
        >
          <span
            className="MuiTypography-root MuiTypography-subtitle2 MuiTypography-noWrap css-zg2ecv-MuiTypography-root"
          >
            TENANT for SERVICE owner
          </span>
          <span
            className="MuiTypography-root MuiTypography-body1 css-1n7958d-MuiTypography-root"
          >
            GROUP0:TENANT0
          </span>
          <span
            className="MuiTypography-root MuiTypography-subtitle2 MuiTypography-noWrap css-zg2ecv-MuiTypography-root"
          >
            CREATE SERVICE
          </span>
          <div
            className="MuiFormControl-root MuiTextField-root css-1dpo3gu-MuiFormControl-root-MuiTextField-root"
          >
            <div
              className="MuiInput-root MuiInput-underline MuiInputBase-root MuiInputBase-colorPrimary MuiInputBase-formControl css-16o2gxe-MuiInputBase-root-MuiInput-root"
              onClick={[Function]}
            >
              <input
                aria-invalid={false}
                autoFocus={false}
                className="MuiInput-input MuiInputBase-input css-1x51dt5-MuiInputBase-input-MuiInput-input"
                disabled={false}
                id="new-service-textfield-id"
                onAnimationStart={[Function]}
                onBlur={[Function]}
                onChange={[Function]}
                onFocus={[Function]}
                placeholder="Input create service name"
                required={false}
                type="text"
                value=""
              />
            </div>
          </div>
          <span
            className="MuiTypography-root MuiTypography-subtitle2 MuiTypography-noWrap css-zg2ecv-MuiTypography-root"
          >
            SERVICE RESOURCES
          </span>
          <div
            aria-label="select type verify url or static resource"
            className="MuiFormGroup-root css-18timm1-MuiFormGroup-root"
            id="new-service-radiogroup-id"
            role="radiogroup"
          >
            <label
              className="MuiFormControlLabel-root MuiFormControlLabel-labelPlacementEnd css-1pmxc0w-MuiFormControlLabel-root"
            >
              <span
                className="MuiRadio-root MuiRadio-colorPrimary MuiButtonBase-root MuiRadio-root MuiRadio-colorPrimary PrivateSwitchBase-root Mui-checked css-17kolh4-MuiButtonBase-root-MuiRadio-root"
                onBlur={[Function]}
                onContextMenu={[Function]}
                onDragLeave={[Function]}
                onFocus={[Function]}
                onKeyDown={[Function]}
                onKeyUp={[Function]}
                onMouseDown={[Function]}
                onMouseLeave={[Function]}
                onMouseUp={[Function]}
                onTouchEnd={[Function]}
                onTouchMove={[Function]}
                onTouchStart={[Function]}
                tabIndex={null}
              >
                <input
                  checked={true}
                  className="PrivateSwitchBase-input css-1m9pwf3"
                  disabled={false}
                  name=":r2:"
                  onChange={[Function]}
                  type="radio"
                  value="verifyUrl"
                />
                <span
                  className="css-hyxlzm"
                >
                  <svg
                    aria-hidden={true}
                    className="MuiSvgIcon-root MuiSvgIcon-fontSizeMedium css-qtxgh1-MuiSvgIcon-root"
                    data-testid="RadioButtonUncheckedIcon"
                    focusable="false"
                    viewBox="0 0 24 24"
                  >
                    <path
                      d="M12 2C6.48 2 2 6.48 2 12s4.48 10 10 10 10-4.48 10-10S17.52 2 12 2zm0 18c-4.42 0-8-3.58-8-8s3.58-8 8-8 8 3.58 8 8-3.58 8-8 8z"
                    />
                  </svg>
                  <svg
                    aria-hidden={true}
                    className="MuiSvgIcon-root MuiSvgIcon-fontSizeMedium css-gw5thf-MuiSvgIcon-root"
                    data-testid="RadioButtonCheckedIcon"
                    focusable="false"
                    viewBox="0 0 24 24"
                  >
                    <path
                      d="M8.465 8.465C9.37 7.56 10.62 7 12 7C14.76 7 17 9.24 17 12C17 13.38 16.44 14.63 15.535 15.535C14.63 16.44 13.38 17 12 17C9.24 17 7 14.76 7 12C7 10.62 7.56 9.37 8.465 8.465Z"
                    />
                  </svg>
                </span>
              </span>
              <p
                className="MuiTypography-root MuiTypography-body1 MuiTypography-noWrap css-11spxrz-MuiTypography-root"
              >
                VERIFY URL
              </p>
            </label>
            <label
              className="MuiFormControlLabel-root MuiFormControlLabel-labelPlacementEnd css-1gdxqa1-MuiFormControlLabel-root"
            >
              <span
                className="MuiRadio-root MuiRadio-colorPrimary MuiButtonBase-root MuiRadio-root MuiRadio-colorPrimary PrivateSwitchBase-root css-17kolh4-MuiButtonBase-root-MuiRadio-root"
                onBlur={[Function]}
                onContextMenu={[Function]}
                onDragLeave={[Function]}
                onFocus={[Function]}
                onKeyDown={[Function]}
                onKeyUp={[Function]}
                onMouseDown={[Function]}
                onMouseLeave={[Function]}
                onMouseUp={[Function]}
                onTouchEnd={[Function]}
                onTouchMove={[Function]}
                onTouchStart={[Function]}
                tabIndex={null}
              >
                <input
                  checked={false}
                  className="PrivateSwitchBase-input css-1m9pwf3"
                  disabled={false}
                  name=":r2:"
                  onChange={[Function]}
                  type="radio"
                  value="staticResourceObject"
                />
                <span
                  className="css-hyxlzm"
                >
                  <svg
                    aria-hidden={true}
                    className="MuiSvgIcon-root MuiSvgIcon-fontSizeMedium css-qtxgh1-MuiSvgIcon-root"
                    data-testid="RadioButtonUncheckedIcon"
                    focusable="false"
                    viewBox="0 0 24 24"
                  >
                    <path
                      d="M12 2C6.48 2 2 6.48 2 12s4.48 10 10 10 10-4.48 10-10S17.52 2 12 2zm0 18c-4.42 0-8-3.58-8-8s3.58-8 8-8 8 3.58 8 8-3.58 8-8 8z"
                    />
                  </svg>
                  <svg
                    aria-hidden={true}
                    className="MuiSvgIcon-root MuiSvgIcon-fontSizeMedium css-s4grmf-MuiSvgIcon-root"
                    data-testid="RadioButtonCheckedIcon"
                    focusable="false"
                    viewBox="0 0 24 24"
                  >
                    <path
                      d="M8.465 8.465C9.37 7.56 10.62 7 12 7C14.76 7 17 9.24 17 12C17 13.38 16.44 14.63 15.535 15.535C14.63 16.44 13.38 17 12 17C9.24 17 7 14.76 7 12C7 10.62 7.56 9.37 8.465 8.465Z"
                    />
                  </svg>
                </span>
              </span>
              <p
                className="MuiTypography-root MuiTypography-body1 MuiTypography-noWrap css-11spxrz-MuiTypography-root"
              >
                STATIC RESOURCE OBJECT
              </p>
            </label>
          </div>
          <div
            className="MuiFormControl-root MuiTextField-root css-1dpo3gu-MuiFormControl-root-MuiTextField-root"
          >
            <div
              className="MuiInput-root MuiInput-underline MuiInputBase-root MuiInputBase-colorPrimary MuiInputBase-formControl css-16o2gxe-MuiInputBase-root-MuiInput-root"
              onClick={[Function]}
            >
              <input
                aria-invalid={false}
                autoFocus={false}
                className="MuiInput-input MuiInputBase-input css-1x51dt5-MuiInputBase-input-MuiInput-input"
                disabled={false}
                id="new-verify-textfield-id"
                onAnimationStart={[Function]}
                onBlur={[Function]}
                onChange={[Function]}
                onFocus={[Function]}
                placeholder="Input verify URL"
                required={false}
                type="text"
                value=""
              />
            </div>
          </div>
        </div>
        <div
          className="MuiDialogActions-root MuiDialogActions-spacing css-hlj6pa-MuiDialogActions-root"
        >
          <button
            aria-label="cancel"
            className="MuiButton-root MuiButton-contained MuiButton-containedPrimary MuiButton-sizeMedium MuiButton-containedSizeMedium MuiButtonBase-root  css-rypk7-MuiButtonBase-root-MuiButton-root"
            disabled={false}
            onBlur={[Function]}
            onClick={[Function]}
            onContextMenu={[Function]}
            onDragLeave={[Function]}
            onFocus={[Function]}
            onKeyDown={[Function]}
            onKeyUp={[Function]}
            onMouseDown={[Function]}
            onMouseLeave={[Function]}
            onMouseUp={[Function]}
            onTouchEnd={[Function]}
            onTouchMove={[Function]}
            onTouchStart={[Function]}
            tabIndex={0}
            type="button"
          >
            CANCEL
            <svg
              aria-hidden={true}
              className="MuiSvgIcon-root MuiSvgIcon-fontSizeMedium css-1kpp06s-MuiSvgIcon-root"
              data-testid="CancelIcon"
              focusable="false"
              viewBox="0 0 24 24"
            >
              <path
                d="M12 2C6.47 2 2 6.47 2 12s4.47 10 10 10 10-4.47 10-10S17.53 2 12 2zm5 13.59L15.59 17 12 13.41 8.41 17 7 15.59 10.59 12 7 8.41 8.41 7 12 10.59 15.59 7 17 8.41 13.41 12 17 15.59z"
              />
            </svg>
          </button>
          <button
            aria-label="ok"
            className="MuiButton-root MuiButton-contained MuiButton-containedSecondary MuiButton-sizeMedium MuiButton-containedSizeMedium MuiButtonBase-root Mui-disabled  css-1k2n3uk-MuiButtonBase-root-MuiButton-root"
            disabled={true}
            onBlur={[Function]}
            onClick={[Function]}
            onContextMenu={[Function]}
            onDragLeave={[Function]}
            onFocus={[Function]}
            onKeyDown={[Function]}
            onKeyUp={[Function]}
            onMouseDown={[Function]}
            onMouseLeave={[Function]}
            onMouseUp={[Function]}
            onTouchEnd={[Function]}
            onTouchMove={[Function]}
            onTouchStart={[Function]}
            tabIndex={-1}
            type="button"
          >
            OK
            <svg
              aria-hidden={true}
              className="MuiSvgIcon-root MuiSvgIcon-fontSizeMedium css-1kpp06s-MuiSvgIcon-root"
              data-testid="CheckCircleIcon"
              focusable="false"
              viewBox="0 0 24 24"
            >
              <path
                d="M12 2C6.48 2 2 6.48 2 12s4.48 10 10 10 10-4.48 10-10S17.52 2 12 2zm-2 15-5-5 1.41-1.41L10 14.17l7.59-7.59L19 8l-9 9z"
              />
            </svg>
          </button>
        </div>
      </div>
    </div>
  </>
</>
`;
