// Jest Snapshot v1, https://goo.gl/fbAQLP

exports[`R3CreatePathDialog test snapshot for R3CreatePathDialog 1`] = `null`;
