// Jest Snapshot v1, https://goo.gl/fbAQLP

exports[`R3MsgBox test snapshot for R3MsgBox 1`] = `
<div
  style={
    Object {
      "WebkitTapHighlightColor": "rgba(0,0,0,0)",
      "backgroundColor": "#ede7f6",
      "borderRadius": 2,
      "boxShadow": "0 14px 45px rgba(49, 27, 146, 0.25),
         0 10px 18px rgba(49, 27, 146, 0.22)",
      "boxSizing": "border-box",
      "color": "#212121",
      "display": "flex",
      "fontFamily": "Roboto, sans-serif",
      "margin": "6px",
      "muiPrepared": true,
      "padding": "24px",
      "transition": "all 450ms cubic-bezier(0.23, 1, 0.32, 1) 0ms",
    }
  }
>
  <div
    className="clearof"
    style={
      Object {
        "width": "100%",
      }
    }
  >
    <span
      onMouseEnter={[Function]}
      onMouseLeave={[Function]}
      style={
        Object {
          "color": "#ad1457",
          "display": "inline-block",
          "float": "left",
          "fontSize": 24,
          "marginRight": 12,
          "muiPrepared": true,
          "padding": 0,
          "position": "relative",
          "transition": "all 450ms cubic-bezier(0.23, 1, 0.32, 1) 0ms",
          "userSelect": "none",
        }
      }
    />
    <div
      style={
        Object {
          "color": "#ad1457",
          "display": "inline-block",
          "fontFamily": "Roboto, sans-serif",
          "fontSize": "14px",
          "width": "calc(100% - 40px)",
        }
      }
    >
      <div>
        <span>
          Dummy error message
        </span>
      </div>
    </div>
  </div>
</div>
`;
