// Jest Snapshot v1, https://goo.gl/fbAQLP

exports[`R3PathInfoDialog test snapshot for R3PathInfoDialog 1`] = `null`;
