// Jest Snapshot v1, https://goo.gl/fbAQLP

exports[`R3PopupMsgDialog test snapshot for R3PopupMsgDialog 1`] = `null`;
