// Jest Snapshot v1, https://goo.gl/fbAQLP

exports[`R3Progress test snapshot for R3Progress 1`] = `null`;
