// Jest Snapshot v1, https://goo.gl/fbAQLP

exports[`R3Resource test snapshot for R3Resource 1`] = `
<div
  className="R3Resource-root-1"
>
  <h6
    className="MuiTypography-root MuiTypography-subtitle2 MuiTypography-noWrap R3Resource-subTitleTop-2 css-qxncr6-MuiTypography-root"
  >
    VALUE
  </h6>
  <div
    className="MuiFormControl-root R3Resource-valueFormControl-4 css-1nrlq1o-MuiFormControl-root"
  >
    <div
      aria-label="select resource value type"
      className="MuiFormGroup-root R3Resource-valueRadioGroup-5 css-dmmspl-MuiFormGroup-root"
      role="radiogroup"
    >
      <label
        className="MuiFormControlLabel-root MuiFormControlLabel-labelPlacementEnd R3Resource-valueLeftFormControlLabel-6 css-j204z7-MuiFormControlLabel-root"
      >
        <span
          className="MuiRadio-root MuiRadio-colorPrimary MuiButtonBase-root MuiRadio-root MuiRadio-colorPrimary PrivateSwitchBase-root css-vqmohf-MuiButtonBase-root-MuiRadio-root"
          onBlur={[Function]}
          onContextMenu={[Function]}
          onDragLeave={[Function]}
          onFocus={[Function]}
          onKeyDown={[Function]}
          onKeyUp={[Function]}
          onMouseDown={[Function]}
          onMouseLeave={[Function]}
          onMouseUp={[Function]}
          onTouchEnd={[Function]}
          onTouchMove={[Function]}
          onTouchStart={[Function]}
          tabIndex={null}
        >
          <input
            checked={false}
            className="PrivateSwitchBase-input css-1m9pwf3"
            disabled={false}
            name="resourceType"
            onChange={[Function]}
            type="radio"
            value="string"
          />
          <span
            className="css-hyxlzm"
          >
            <svg
              aria-hidden={true}
              className="MuiSvgIcon-root MuiSvgIcon-fontSizeMedium css-1hbvpl3-MuiSvgIcon-root"
              data-testid="RadioButtonUncheckedIcon"
              focusable="false"
              viewBox="0 0 24 24"
            >
              <path
                d="M12 2C6.48 2 2 6.48 2 12s4.48 10 10 10 10-4.48 10-10S17.52 2 12 2zm0 18c-4.42 0-8-3.58-8-8s3.58-8 8-8 8 3.58 8 8-3.58 8-8 8z"
              />
            </svg>
            <svg
              aria-hidden={true}
              className="MuiSvgIcon-root MuiSvgIcon-fontSizeMedium css-1hhw7if-MuiSvgIcon-root"
              data-testid="RadioButtonCheckedIcon"
              focusable="false"
              viewBox="0 0 24 24"
            >
              <path
                d="M8.465 8.465C9.37 7.56 10.62 7 12 7C14.76 7 17 9.24 17 12C17 13.38 16.44 14.63 15.535 15.535C14.63 16.44 13.38 17 12 17C9.24 17 7 14.76 7 12C7 10.62 7.56 9.37 8.465 8.465Z"
              />
            </svg>
          </span>
          <span
            className="MuiTouchRipple-root css-8je8zh-MuiTouchRipple-root"
          />
        </span>
        <p
          className="MuiTypography-root MuiTypography-body1 MuiTypography-noWrap css-7podw6-MuiTypography-root"
        >
          String Type(text data)
        </p>
      </label>
      <label
        className="MuiFormControlLabel-root MuiFormControlLabel-labelPlacementEnd R3Resource-valueRightFormControlLabel-7 css-j204z7-MuiFormControlLabel-root"
      >
        <span
          className="MuiRadio-root MuiRadio-colorPrimary MuiButtonBase-root MuiRadio-root MuiRadio-colorPrimary PrivateSwitchBase-root Mui-checked css-vqmohf-MuiButtonBase-root-MuiRadio-root"
          onBlur={[Function]}
          onContextMenu={[Function]}
          onDragLeave={[Function]}
          onFocus={[Function]}
          onKeyDown={[Function]}
          onKeyUp={[Function]}
          onMouseDown={[Function]}
          onMouseLeave={[Function]}
          onMouseUp={[Function]}
          onTouchEnd={[Function]}
          onTouchMove={[Function]}
          onTouchStart={[Function]}
          tabIndex={null}
        >
          <input
            checked={true}
            className="PrivateSwitchBase-input css-1m9pwf3"
            disabled={false}
            name="resourceType"
            onChange={[Function]}
            type="radio"
            value="object"
          />
          <span
            className="css-hyxlzm"
          >
            <svg
              aria-hidden={true}
              className="MuiSvgIcon-root MuiSvgIcon-fontSizeMedium css-1hbvpl3-MuiSvgIcon-root"
              data-testid="RadioButtonUncheckedIcon"
              focusable="false"
              viewBox="0 0 24 24"
            >
              <path
                d="M12 2C6.48 2 2 6.48 2 12s4.48 10 10 10 10-4.48 10-10S17.52 2 12 2zm0 18c-4.42 0-8-3.58-8-8s3.58-8 8-8 8 3.58 8 8-3.58 8-8 8z"
              />
            </svg>
            <svg
              aria-hidden={true}
              className="MuiSvgIcon-root MuiSvgIcon-fontSizeMedium css-11zohuh-MuiSvgIcon-root"
              data-testid="RadioButtonCheckedIcon"
              focusable="false"
              viewBox="0 0 24 24"
            >
              <path
                d="M8.465 8.465C9.37 7.56 10.62 7 12 7C14.76 7 17 9.24 17 12C17 13.38 16.44 14.63 15.535 15.535C14.63 16.44 13.38 17 12 17C9.24 17 7 14.76 7 12C7 10.62 7.56 9.37 8.465 8.465Z"
              />
            </svg>
          </span>
          <span
            className="MuiTouchRipple-root css-8je8zh-MuiTouchRipple-root"
          />
        </span>
        <p
          className="MuiTypography-root MuiTypography-body1 MuiTypography-noWrap css-7podw6-MuiTypography-root"
        >
          Object Type(string formatted by JSON)
        </p>
      </label>
    </div>
  </div>
  <div
    className="MuiFormControl-root MuiFormControl-fullWidth MuiTextField-root R3Resource-valueTextField-8 css-wb57ya-MuiFormControl-root-MuiTextField-root"
  >
    <div
      className="MuiInput-root MuiInput-underline MuiInputBase-root MuiInputBase-colorPrimary MuiInputBase-fullWidth MuiInputBase-formControl R3Resource-inputTextField-22 css-1a1fmpi-MuiInputBase-root-MuiInput-root"
      onClick={[Function]}
    >
      <input
        aria-invalid={false}
        autoFocus={false}
        className="MuiInput-input MuiInputBase-input css-1x51dt5-MuiInputBase-input-MuiInput-input"
        disabled={false}
        id="mui-1"
        name="resourceValue"
        onAnimationStart={[Function]}
        onBlur={[Function]}
        onChange={[Function]}
        onFocus={[Function]}
        placeholder="Input object formatted by JSON string"
        required={false}
        type="text"
        value="{\\"k2hr3_entest_obj_res_01_value_key\\":\\"k2hr3_entest_obj_res_01_value_val\\"}"
      />
    </div>
  </div>
  <h6
    className="MuiTypography-root MuiTypography-subtitle2 MuiTypography-noWrap R3Resource-subTitle-3 css-qxncr6-MuiTypography-root"
  >
    KEYS
  </h6>
  <p
    className="MuiTypography-root MuiTypography-body2 MuiTypography-noWrap R3Resource-keysKeySubTitle-9 css-zq04ye-MuiTypography-root"
  >
    KEY NAME
  </p>
  <p
    className="MuiTypography-root MuiTypography-body2 MuiTypography-noWrap R3Resource-keysValueSubTitle-10 css-zq04ye-MuiTypography-root"
  >
    VALUE
  </p>
  <div
    className="R3Resource-enclosureElement-23"
  >
    <div
      className="MuiFormControl-root MuiTextField-root R3Resource-keysKeyTextField-11 css-1u3bzj6-MuiFormControl-root-MuiTextField-root"
    >
      <div
        className="MuiInput-root MuiInput-underline MuiInputBase-root MuiInputBase-colorPrimary MuiInputBase-formControl R3Resource-inputTextField-22 css-1ptx2yq-MuiInputBase-root-MuiInput-root"
        onClick={[Function]}
      >
        <input
          aria-invalid={false}
          autoFocus={false}
          className="MuiInput-input MuiInputBase-input css-1x51dt5-MuiInputBase-input-MuiInput-input"
          disabled={false}
          id="mui-2"
          name="resourceKeysKey_1"
          onAnimationStart={[Function]}
          onBlur={[Function]}
          onChange={[Function]}
          onFocus={[Function]}
          placeholder="Input key name"
          required={false}
          type="text"
          value="k2hr3_entest_obj_res_01_keys_arr"
        />
      </div>
    </div>
    <div
      className="MuiFormControl-root MuiTextField-root R3Resource-keysValueTextField-12 css-1u3bzj6-MuiFormControl-root-MuiTextField-root"
    >
      <div
        className="MuiInput-root MuiInput-underline MuiInputBase-root MuiInputBase-colorPrimary MuiInputBase-formControl R3Resource-inputTextField-22 css-1ptx2yq-MuiInputBase-root-MuiInput-root"
        onClick={[Function]}
      >
        <input
          aria-invalid={false}
          autoFocus={false}
          className="MuiInput-input MuiInputBase-input css-1x51dt5-MuiInputBase-input-MuiInput-input"
          disabled={false}
          id="mui-3"
          name="resourceKeysValue_1"
          onAnimationStart={[Function]}
          onBlur={[Function]}
          onChange={[Function]}
          onFocus={[Function]}
          placeholder="Input value(allowed JSON fomrat)"
          required={false}
          type="text"
          value="[\\"k2hr3_entest_obj_res_01_keys_arr_val00\\",\\"k2hr3_entest_obj_res_01_keys_arr_val01\\"]"
        />
      </div>
    </div>
    <button
      aria-label="delete key and value"
      aria-labelledby={null}
      className="MuiButtonBase-root MuiIconButton-root MuiIconButton-sizeLarge R3Resource-deleteKeysButton-13 css-mf1cb5-MuiButtonBase-root-MuiIconButton-root"
      data-mui-internal-clone-element={true}
      disabled={false}
      label="delete-keys"
      onBlur={[Function]}
      onClick={[Function]}
      onContextMenu={[Function]}
      onDragLeave={[Function]}
      onFocus={[Function]}
      onKeyDown={[Function]}
      onKeyUp={[Function]}
      onMouseDown={[Function]}
      onMouseEnter={[Function]}
      onMouseLeave={[Function]}
      onMouseOver={[Function]}
      onMouseUp={[Function]}
      onTouchEnd={[Function]}
      onTouchMove={[Function]}
      onTouchStart={[Function]}
      tabIndex={0}
      type="button"
    >
      <svg
        aria-hidden={true}
        className="MuiSvgIcon-root MuiSvgIcon-fontSizeMedium css-i4bv87-MuiSvgIcon-root"
        data-testid="ClearRoundedIcon"
        focusable="false"
        viewBox="0 0 24 24"
      >
        <path
          d="M18.3 5.71a.9959.9959 0 0 0-1.41 0L12 10.59 7.11 5.7a.9959.9959 0 0 0-1.41 0c-.39.39-.39 1.02 0 1.41L10.59 12 5.7 16.89c-.39.39-.39 1.02 0 1.41.39.39 1.02.39 1.41 0L12 13.41l4.89 4.89c.39.39 1.02.39 1.41 0 .39-.39.39-1.02 0-1.41L13.41 12l4.89-4.89c.38-.38.38-1.02 0-1.4z"
        />
      </svg>
      <span
        className="MuiTouchRipple-root css-8je8zh-MuiTouchRipple-root"
      />
    </button>
  </div>
  <div
    className="R3Resource-enclosureElement-23"
  >
    <div
      className="MuiFormControl-root MuiTextField-root R3Resource-keysKeyTextField-11 css-1u3bzj6-MuiFormControl-root-MuiTextField-root"
    >
      <div
        className="MuiInput-root MuiInput-underline MuiInputBase-root MuiInputBase-colorPrimary MuiInputBase-formControl R3Resource-inputTextField-22 css-1ptx2yq-MuiInputBase-root-MuiInput-root"
        onClick={[Function]}
      >
        <input
          aria-invalid={false}
          autoFocus={false}
          className="MuiInput-input MuiInputBase-input css-1x51dt5-MuiInputBase-input-MuiInput-input"
          disabled={false}
          id="mui-5"
          name="resourceKeysKey_2"
          onAnimationStart={[Function]}
          onBlur={[Function]}
          onChange={[Function]}
          onFocus={[Function]}
          placeholder="Input key name"
          required={false}
          type="text"
          value="k2hr3_entest_obj_res_01_keys_key"
        />
      </div>
    </div>
    <div
      className="MuiFormControl-root MuiTextField-root R3Resource-keysValueTextField-12 css-1u3bzj6-MuiFormControl-root-MuiTextField-root"
    >
      <div
        className="MuiInput-root MuiInput-underline MuiInputBase-root MuiInputBase-colorPrimary MuiInputBase-formControl R3Resource-inputTextField-22 css-1ptx2yq-MuiInputBase-root-MuiInput-root"
        onClick={[Function]}
      >
        <input
          aria-invalid={false}
          autoFocus={false}
          className="MuiInput-input MuiInputBase-input css-1x51dt5-MuiInputBase-input-MuiInput-input"
          disabled={false}
          id="mui-6"
          name="resourceKeysValue_2"
          onAnimationStart={[Function]}
          onBlur={[Function]}
          onChange={[Function]}
          onFocus={[Function]}
          placeholder="Input value(allowed JSON fomrat)"
          required={false}
          type="text"
          value="k2hr3_entest_obj_res_01_keys_val"
        />
      </div>
    </div>
    <button
      aria-label="delete key and value"
      aria-labelledby={null}
      className="MuiButtonBase-root MuiIconButton-root MuiIconButton-sizeLarge R3Resource-deleteKeysButton-13 css-mf1cb5-MuiButtonBase-root-MuiIconButton-root"
      data-mui-internal-clone-element={true}
      disabled={false}
      label="delete-keys"
      onBlur={[Function]}
      onClick={[Function]}
      onContextMenu={[Function]}
      onDragLeave={[Function]}
      onFocus={[Function]}
      onKeyDown={[Function]}
      onKeyUp={[Function]}
      onMouseDown={[Function]}
      onMouseEnter={[Function]}
      onMouseLeave={[Function]}
      onMouseOver={[Function]}
      onMouseUp={[Function]}
      onTouchEnd={[Function]}
      onTouchMove={[Function]}
      onTouchStart={[Function]}
      tabIndex={0}
      type="button"
    >
      <svg
        aria-hidden={true}
        className="MuiSvgIcon-root MuiSvgIcon-fontSizeMedium css-i4bv87-MuiSvgIcon-root"
        data-testid="ClearRoundedIcon"
        focusable="false"
        viewBox="0 0 24 24"
      >
        <path
          d="M18.3 5.71a.9959.9959 0 0 0-1.41 0L12 10.59 7.11 5.7a.9959.9959 0 0 0-1.41 0c-.39.39-.39 1.02 0 1.41L10.59 12 5.7 16.89c-.39.39-.39 1.02 0 1.41.39.39 1.02.39 1.41 0L12 13.41l4.89 4.89c.39.39 1.02.39 1.41 0 .39-.39.39-1.02 0-1.41L13.41 12l4.89-4.89c.38-.38.38-1.02 0-1.4z"
        />
      </svg>
      <span
        className="MuiTouchRipple-root css-8je8zh-MuiTouchRipple-root"
      />
    </button>
  </div>
  <div
    className="R3Resource-enclosureElement-23"
  >
    <div
      className="MuiFormControl-root MuiTextField-root R3Resource-keysKeyTextField-11 css-1u3bzj6-MuiFormControl-root-MuiTextField-root"
    >
      <div
        className="MuiInput-root MuiInput-underline MuiInputBase-root MuiInputBase-colorPrimary MuiInputBase-formControl R3Resource-inputTextField-22 css-1ptx2yq-MuiInputBase-root-MuiInput-root"
        onClick={[Function]}
      >
        <input
          aria-invalid={false}
          autoFocus={false}
          className="MuiInput-input MuiInputBase-input css-1x51dt5-MuiInputBase-input-MuiInput-input"
          disabled={false}
          id="mui-8"
          name="resourceKeysKey_3"
          onAnimationStart={[Function]}
          onBlur={[Function]}
          onChange={[Function]}
          onFocus={[Function]}
          placeholder="Input key name"
          required={false}
          type="text"
          value="k2hr3_entest_obj_res_01_keys_obj"
        />
      </div>
    </div>
    <div
      className="MuiFormControl-root MuiTextField-root R3Resource-keysValueTextField-12 css-1u3bzj6-MuiFormControl-root-MuiTextField-root"
    >
      <div
        className="MuiInput-root MuiInput-underline MuiInputBase-root MuiInputBase-colorPrimary MuiInputBase-formControl R3Resource-inputTextField-22 css-1ptx2yq-MuiInputBase-root-MuiInput-root"
        onClick={[Function]}
      >
        <input
          aria-invalid={false}
          autoFocus={false}
          className="MuiInput-input MuiInputBase-input css-1x51dt5-MuiInputBase-input-MuiInput-input"
          disabled={false}
          id="mui-9"
          name="resourceKeysValue_3"
          onAnimationStart={[Function]}
          onBlur={[Function]}
          onChange={[Function]}
          onFocus={[Function]}
          placeholder="Input value(allowed JSON fomrat)"
          required={false}
          type="text"
          value="{\\"k2hr3_entest_obj_res_01_keys_obj_key00\\":\\"k2hr3_entest_obj_res_01_keys_obj_val00\\",\\"k2hr3_entest_obj_res_01_keys_obj_key01\\":\\"k2hr3_entest_obj_res_01_keys_obj_val01\\"}"
        />
      </div>
    </div>
    <button
      aria-label="delete key and value"
      aria-labelledby={null}
      className="MuiButtonBase-root MuiIconButton-root MuiIconButton-sizeLarge R3Resource-deleteKeysButton-13 css-mf1cb5-MuiButtonBase-root-MuiIconButton-root"
      data-mui-internal-clone-element={true}
      disabled={false}
      label="delete-keys"
      onBlur={[Function]}
      onClick={[Function]}
      onContextMenu={[Function]}
      onDragLeave={[Function]}
      onFocus={[Function]}
      onKeyDown={[Function]}
      onKeyUp={[Function]}
      onMouseDown={[Function]}
      onMouseEnter={[Function]}
      onMouseLeave={[Function]}
      onMouseOver={[Function]}
      onMouseUp={[Function]}
      onTouchEnd={[Function]}
      onTouchMove={[Function]}
      onTouchStart={[Function]}
      tabIndex={0}
      type="button"
    >
      <svg
        aria-hidden={true}
        className="MuiSvgIcon-root MuiSvgIcon-fontSizeMedium css-i4bv87-MuiSvgIcon-root"
        data-testid="ClearRoundedIcon"
        focusable="false"
        viewBox="0 0 24 24"
      >
        <path
          d="M18.3 5.71a.9959.9959 0 0 0-1.41 0L12 10.59 7.11 5.7a.9959.9959 0 0 0-1.41 0c-.39.39-.39 1.02 0 1.41L10.59 12 5.7 16.89c-.39.39-.39 1.02 0 1.41.39.39 1.02.39 1.41 0L12 13.41l4.89 4.89c.39.39 1.02.39 1.41 0 .39-.39.39-1.02 0-1.41L13.41 12l4.89-4.89c.38-.38.38-1.02 0-1.4z"
        />
      </svg>
      <span
        className="MuiTouchRipple-root css-8je8zh-MuiTouchRipple-root"
      />
    </button>
  </div>
  <div
    className="R3Resource-enclosureElement-23"
  >
    <div
      className="MuiFormControl-root MuiTextField-root R3Resource-keysKeyTextField-11 css-1u3bzj6-MuiFormControl-root-MuiTextField-root"
    >
      <div
        className="MuiInput-root MuiInput-underline MuiInputBase-root MuiInputBase-colorPrimary MuiInputBase-formControl R3Resource-inputTextField-22 css-1ptx2yq-MuiInputBase-root-MuiInput-root"
        onClick={[Function]}
      >
        <input
          aria-invalid={false}
          autoFocus={false}
          className="MuiInput-input MuiInputBase-input css-1x51dt5-MuiInputBase-input-MuiInput-input"
          disabled={false}
          id="mui-11"
          name="resourceKeysNewKey"
          onAnimationStart={[Function]}
          onBlur={[Function]}
          onChange={[Function]}
          onFocus={[Function]}
          placeholder="Input key name"
          required={false}
          type="text"
          value=""
        />
      </div>
    </div>
    <div
      className="MuiFormControl-root MuiTextField-root R3Resource-keysValueTextField-12 css-1u3bzj6-MuiFormControl-root-MuiTextField-root"
    >
      <div
        className="MuiInput-root MuiInput-underline MuiInputBase-root MuiInputBase-colorPrimary MuiInputBase-formControl R3Resource-inputTextField-22 css-1ptx2yq-MuiInputBase-root-MuiInput-root"
        onClick={[Function]}
      >
        <input
          aria-invalid={false}
          autoFocus={false}
          className="MuiInput-input MuiInputBase-input css-1x51dt5-MuiInputBase-input-MuiInput-input"
          disabled={false}
          id="mui-12"
          name="resourceKeysNewValue"
          onAnimationStart={[Function]}
          onBlur={[Function]}
          onChange={[Function]}
          onFocus={[Function]}
          placeholder="Input value(allowed JSON fomrat)"
          required={false}
          type="text"
          value=""
        />
      </div>
    </div>
    <button
      aria-label="add key and value"
      aria-labelledby={null}
      className="MuiButtonBase-root MuiIconButton-root MuiIconButton-sizeLarge R3Resource-addKeysButton-15 css-mf1cb5-MuiButtonBase-root-MuiIconButton-root"
      data-mui-internal-clone-element={true}
      disabled={false}
      label="add-keys"
      onBlur={[Function]}
      onClick={[Function]}
      onContextMenu={[Function]}
      onDragLeave={[Function]}
      onFocus={[Function]}
      onKeyDown={[Function]}
      onKeyUp={[Function]}
      onMouseDown={[Function]}
      onMouseEnter={[Function]}
      onMouseLeave={[Function]}
      onMouseOver={[Function]}
      onMouseUp={[Function]}
      onTouchEnd={[Function]}
      onTouchMove={[Function]}
      onTouchStart={[Function]}
      tabIndex={0}
      type="button"
    >
      <svg
        aria-hidden={true}
        className="MuiSvgIcon-root MuiSvgIcon-fontSizeMedium css-i4bv87-MuiSvgIcon-root"
        data-testid="AddRoundedIcon"
        focusable="false"
        viewBox="0 0 24 24"
      >
        <path
          d="M18 13h-5v5c0 .55-.45 1-1 1s-1-.45-1-1v-5H6c-.55 0-1-.45-1-1s.45-1 1-1h5V6c0-.55.45-1 1-1s1 .45 1 1v5h5c.55 0 1 .45 1 1s-.45 1-1 1z"
        />
      </svg>
      <span
        className="MuiTouchRipple-root css-8je8zh-MuiTouchRipple-root"
      />
    </button>
  </div>
  <h6
    className="MuiTypography-root MuiTypography-subtitle2 MuiTypography-noWrap R3Resource-subTitle-3 css-qxncr6-MuiTypography-root"
  >
    ALIASES
  </h6>
  <div
    className="R3Resource-enclosureElement-23"
  >
    <div
      className="MuiFormControl-root MuiTextField-root R3Resource-aliasTextField-16 css-1u3bzj6-MuiFormControl-root-MuiTextField-root"
    >
      <div
        className="MuiInput-root MuiInput-underline MuiInputBase-root MuiInputBase-colorPrimary MuiInputBase-formControl R3Resource-inputTextField-22 css-1ptx2yq-MuiInputBase-root-MuiInput-root"
        onClick={[Function]}
      >
        <input
          aria-invalid={false}
          autoFocus={false}
          className="MuiInput-input MuiInputBase-input css-1x51dt5-MuiInputBase-input-MuiInput-input"
          disabled={false}
          id="mui-14"
          name="aliasValue_0"
          onAnimationStart={[Function]}
          onBlur={[Function]}
          onChange={[Function]}
          onFocus={[Function]}
          placeholder="Input alias YRN path"
          required={false}
          type="text"
          value="yrn:yahoo:::33348:resource:k2hr3_entest_str_res_03"
        />
      </div>
    </div>
    <button
      aria-label="move to down position in list"
      className="MuiButtonBase-root Mui-disabled MuiIconButton-root Mui-disabled MuiIconButton-sizeLarge R3Resource-arrowInvisibleAliasButton-18 css-mf1cb5-MuiButtonBase-root-MuiIconButton-root"
      disabled={true}
      label="move-down-alias"
      onBlur={[Function]}
      onContextMenu={[Function]}
      onDragLeave={[Function]}
      onFocus={[Function]}
      onKeyDown={[Function]}
      onKeyUp={[Function]}
      onMouseDown={[Function]}
      onMouseLeave={[Function]}
      onMouseUp={[Function]}
      onTouchEnd={[Function]}
      onTouchMove={[Function]}
      onTouchStart={[Function]}
      tabIndex={-1}
      type="button"
    >
      <svg
        aria-hidden={true}
        className="MuiSvgIcon-root MuiSvgIcon-fontSizeMedium css-i4bv87-MuiSvgIcon-root"
        data-testid="ArrowDownwardRoundedIcon"
        focusable="false"
        viewBox="0 0 24 24"
      >
        <path
          d="M11 5v11.17l-4.88-4.88c-.39-.39-1.03-.39-1.42 0-.39.39-.39 1.02 0 1.41l6.59 6.59c.39.39 1.02.39 1.41 0l6.59-6.59c.39-.39.39-1.02 0-1.41a.9959.9959 0 0 0-1.41 0L13 16.17V5c0-.55-.45-1-1-1s-1 .45-1 1z"
        />
      </svg>
    </button>
    <button
      aria-label="move to up position in list"
      className="MuiButtonBase-root Mui-disabled MuiIconButton-root Mui-disabled MuiIconButton-sizeLarge R3Resource-arrowInvisibleAliasButton-18 css-mf1cb5-MuiButtonBase-root-MuiIconButton-root"
      disabled={true}
      label="move-up-alias"
      onBlur={[Function]}
      onContextMenu={[Function]}
      onDragLeave={[Function]}
      onFocus={[Function]}
      onKeyDown={[Function]}
      onKeyUp={[Function]}
      onMouseDown={[Function]}
      onMouseLeave={[Function]}
      onMouseUp={[Function]}
      onTouchEnd={[Function]}
      onTouchMove={[Function]}
      onTouchStart={[Function]}
      tabIndex={-1}
      type="button"
    >
      <svg
        aria-hidden={true}
        className="MuiSvgIcon-root MuiSvgIcon-fontSizeMedium css-i4bv87-MuiSvgIcon-root"
        data-testid="ArrowUpwardRoundedIcon"
        focusable="false"
        viewBox="0 0 24 24"
      >
        <path
          d="M13 19V7.83l4.88 4.88c.39.39 1.03.39 1.42 0 .39-.39.39-1.02 0-1.41l-6.59-6.59a.9959.9959 0 0 0-1.41 0l-6.6 6.58c-.39.39-.39 1.02 0 1.41.39.39 1.02.39 1.41 0L11 7.83V19c0 .55.45 1 1 1s1-.45 1-1z"
        />
      </svg>
    </button>
    <button
      aria-label="delete alias"
      aria-labelledby={null}
      className="MuiButtonBase-root MuiIconButton-root MuiIconButton-sizeLarge R3Resource-deleteAliasButton-20 css-mf1cb5-MuiButtonBase-root-MuiIconButton-root"
      data-mui-internal-clone-element={true}
      disabled={false}
      label="delete-alias"
      onBlur={[Function]}
      onClick={[Function]}
      onContextMenu={[Function]}
      onDragLeave={[Function]}
      onFocus={[Function]}
      onKeyDown={[Function]}
      onKeyUp={[Function]}
      onMouseDown={[Function]}
      onMouseEnter={[Function]}
      onMouseLeave={[Function]}
      onMouseOver={[Function]}
      onMouseUp={[Function]}
      onTouchEnd={[Function]}
      onTouchMove={[Function]}
      onTouchStart={[Function]}
      tabIndex={0}
      type="button"
    >
      <svg
        aria-hidden={true}
        className="MuiSvgIcon-root MuiSvgIcon-fontSizeMedium css-i4bv87-MuiSvgIcon-root"
        data-testid="ClearRoundedIcon"
        focusable="false"
        viewBox="0 0 24 24"
      >
        <path
          d="M18.3 5.71a.9959.9959 0 0 0-1.41 0L12 10.59 7.11 5.7a.9959.9959 0 0 0-1.41 0c-.39.39-.39 1.02 0 1.41L10.59 12 5.7 16.89c-.39.39-.39 1.02 0 1.41.39.39 1.02.39 1.41 0L12 13.41l4.89 4.89c.39.39 1.02.39 1.41 0 .39-.39.39-1.02 0-1.41L13.41 12l4.89-4.89c.38-.38.38-1.02 0-1.4z"
        />
      </svg>
      <span
        className="MuiTouchRipple-root css-8je8zh-MuiTouchRipple-root"
      />
    </button>
  </div>
  <div
    className="R3Resource-enclosureElement-23"
  >
    <div
      className="MuiFormControl-root MuiTextField-root R3Resource-aliasTextField-16 css-1u3bzj6-MuiFormControl-root-MuiTextField-root"
    >
      <div
        className="MuiInput-root MuiInput-underline MuiInputBase-root MuiInputBase-colorPrimary MuiInputBase-formControl R3Resource-inputTextField-22 css-1ptx2yq-MuiInputBase-root-MuiInput-root"
        onClick={[Function]}
      >
        <input
          aria-invalid={false}
          autoFocus={false}
          className="MuiInput-input MuiInputBase-input css-1x51dt5-MuiInputBase-input-MuiInput-input"
          disabled={false}
          id="mui-16"
          name="aliasNew"
          onAnimationStart={[Function]}
          onBlur={[Function]}
          onChange={[Function]}
          onFocus={[Function]}
          placeholder="Input alias YRN path"
          required={false}
          type="text"
          value=""
        />
      </div>
    </div>
    <button
      aria-label="add alias"
      aria-labelledby={null}
      className="MuiButtonBase-root MuiIconButton-root MuiIconButton-sizeLarge R3Resource-addAliasButton-19 css-mf1cb5-MuiButtonBase-root-MuiIconButton-root"
      data-mui-internal-clone-element={true}
      disabled={false}
      label="add-alias"
      onBlur={[Function]}
      onClick={[Function]}
      onContextMenu={[Function]}
      onDragLeave={[Function]}
      onFocus={[Function]}
      onKeyDown={[Function]}
      onKeyUp={[Function]}
      onMouseDown={[Function]}
      onMouseEnter={[Function]}
      onMouseLeave={[Function]}
      onMouseOver={[Function]}
      onMouseUp={[Function]}
      onTouchEnd={[Function]}
      onTouchMove={[Function]}
      onTouchStart={[Function]}
      tabIndex={0}
      type="button"
    >
      <svg
        aria-hidden={true}
        className="MuiSvgIcon-root MuiSvgIcon-fontSizeMedium css-i4bv87-MuiSvgIcon-root"
        data-testid="AddRoundedIcon"
        focusable="false"
        viewBox="0 0 24 24"
      >
        <path
          d="M18 13h-5v5c0 .55-.45 1-1 1s-1-.45-1-1v-5H6c-.55 0-1-.45-1-1s.45-1 1-1h5V6c0-.55.45-1 1-1s1 .45 1 1v5h5c.55 0 1 .45 1 1s-.45 1-1 1z"
        />
      </svg>
      <span
        className="MuiTouchRipple-root css-8je8zh-MuiTouchRipple-root"
      />
    </button>
  </div>
  <div
    className="R3FormButtons-root-24"
  >
    <button
      aria-label="cancel"
      className="MuiButton-root MuiButton-contained MuiButton-containedPrimary MuiButton-sizeMedium MuiButton-containedSizeMedium MuiButtonBase-root Mui-disabled R3FormButtons-cancelButton-25 css-sghohy-MuiButtonBase-root-MuiButton-root"
      disabled={true}
      onBlur={[Function]}
      onClick={[Function]}
      onContextMenu={[Function]}
      onDragLeave={[Function]}
      onFocus={[Function]}
      onKeyDown={[Function]}
      onKeyUp={[Function]}
      onMouseDown={[Function]}
      onMouseLeave={[Function]}
      onMouseUp={[Function]}
      onTouchEnd={[Function]}
      onTouchMove={[Function]}
      onTouchStart={[Function]}
      tabIndex={-1}
      type="button"
    >
      CANCEL
      <svg
        aria-hidden={true}
        className="MuiSvgIcon-root MuiSvgIcon-fontSizeMedium R3FormButtons-buttonIcon-27 css-i4bv87-MuiSvgIcon-root"
        data-testid="CancelIcon"
        focusable="false"
        viewBox="0 0 24 24"
      >
        <path
          d="M12 2C6.47 2 2 6.47 2 12s4.47 10 10 10 10-4.47 10-10S17.53 2 12 2zm5 13.59L15.59 17 12 13.41 8.41 17 7 15.59 10.59 12 7 8.41 8.41 7 12 10.59 15.59 7 17 8.41 13.41 12 17 15.59z"
        />
      </svg>
    </button>
    <button
      aria-label="save"
      className="MuiButton-root MuiButton-contained MuiButton-containedSecondary MuiButton-sizeMedium MuiButton-containedSizeMedium MuiButtonBase-root Mui-disabled R3FormButtons-saveButton-26 css-zcbmsk-MuiButtonBase-root-MuiButton-root"
      disabled={true}
      onBlur={[Function]}
      onClick={[Function]}
      onContextMenu={[Function]}
      onDragLeave={[Function]}
      onFocus={[Function]}
      onKeyDown={[Function]}
      onKeyUp={[Function]}
      onMouseDown={[Function]}
      onMouseLeave={[Function]}
      onMouseUp={[Function]}
      onTouchEnd={[Function]}
      onTouchMove={[Function]}
      onTouchStart={[Function]}
      tabIndex={-1}
      type="button"
    >
      SAVE
      <svg
        aria-hidden={true}
        className="MuiSvgIcon-root MuiSvgIcon-fontSizeMedium R3FormButtons-buttonIcon-27 css-i4bv87-MuiSvgIcon-root"
        data-testid="CheckCircleIcon"
        focusable="false"
        viewBox="0 0 24 24"
      >
        <path
          d="M12 2C6.48 2 2 6.48 2 12s4.48 10 10 10 10-4.48 10-10S17.52 2 12 2zm-2 15-5-5 1.41-1.41L10 14.17l7.59-7.59L19 8l-9 9z"
        />
      </svg>
    </button>
  </div>
</div>
`;
